/Users/haileythill-turke/Documents/GitHub/MTRX2700-2025/stm32f303-definitions/Core/Inc/core_cm4.h:1688:22:__NVIC_EnableIRQ	16	static
../Src/timers.c:16:6:enable_clocks	4	static
../Src/timers.c:39:6:initialise_board	16	static
../Src/timers.c:53:6:trigger_prescaler	4	static,ignoring_inline_asm
../Src/timers.c:80:6:StartContinuousTimer	24	static
../Src/timers.c:120:6:reset_period	16	static
../Src/timers.c:143:10:get_period	4	static
../Src/timers.c:147:6:TIM2_IRQHandler	8	static
../Src/timers.c:158:6:TIM3_IRQHandler	16	static
../Src/timers.c:173:6:StartOneShotTimer	16	static
../Src/timers.c:196:6:blink_leds36710	16	static
../Src/timers.c:214:6:blink_leds4895	16	static
