C:/Users/melli/Documents/2025/SEM1/MTRX2700/MTRX1700-Code-Repository-main/stm32f303-definitions/Core/Inc/core_cm4.h:1688:22:__NVIC_EnableIRQ	16	static
C:/Users/melli/Documents/2025/SEM1/MTRX2700/MTRX1700-Code-Repository-main/stm32f303-definitions/Core/Inc/core_cm4.h:1816:22:__NVIC_SetPriority	16	static
../Src/main.c:63:6:enable_clocks	4	static
../Src/main.c:78:6:enable_interrupt	8	static,ignoring_inline_asm
../Src/main.c:108:6:init_timer	8	static
../Src/main.c:120:6:TIM2_IRQHandler	8	static
../Src/main.c:128:9:get_led_state	4	static
../Src/main.c:133:6:set_led_state	24	static
../Src/main.c:144:6:set_button_callback	16	static
../Src/main.c:151:6:EXTI0_IRQHandler	8	static
../Src/main.c:160:6:initialise_digital_io	16	static
../Src/main.c:174:6:toggle_leds	16	static
../Src/main.c:180:9:is_button_pressed	4	static
../Src/main.c:185:6:wait_for_button_press	8	static
../Src/main.c:190:6:wait_for_button_release	8	static
../Src/main.c:197:6:chase_led_callback	16	static
../Src/main.c:203:5:main	8	static
