../Src/serial.c:49:6:SerialInitialise	32	static
../Src/serial.c:106:6:SerialOutputChar	16	static
../Src/serial.c:114:6:SerialInputChar	16	static
../Src/serial.c:139:6:SerialOutputString	16	static
../Src/serial.c:149:6:SerialInputString	32	static
../Src/serial.c:174:6:InterruptOutputChar	4	static
../Src/serial.c:188:6:InterruptOutputString	8	static
../Src/serial.c:197:6:InterruptInputString	16	static
../Src/serial.c:204:6:SerialInputStringdb	16	static
../Src/serial.c:230:6:InputLogic	24	static
../Src/serial.c:249:6:switch_buffers	4	static
../Src/serial.c:258:6:ParseInput	136	static
