../Src/serial.c:55:6:SerialInitialise	32	static
../Src/serial.c:112:6:SerialOutputChar	16	static
../Src/serial.c:121:6:SerialInputChar	16	static
../Src/serial.c:130:6:SerialOutputString	16	static
../Src/serial.c:141:6:SerialInputString	32	static
../Src/serial.c:164:6:InterruptOutputChar	4	static
../Src/serial.c:176:6:InterruptOutputString	8	static
../Src/serial.c:185:6:InterruptInputString	32	static
../Src/serial.c:197:6:SerialInputStringdb	32	static
../Src/serial.c:219:6:InputLogic	24	static
../Src/serial.c:239:6:switch_buffers	4	static
