Archive member included to satisfy reference by file (symbol)

/Applications/STM32CubeIDE.app/Contents/Eclipse/plugins/com.st.stm32cube.ide.mcu.externaltools.gnu-tools-for-stm32.13.3.rel1.macos64_1.0.0.202411102158/tools/bin/../lib/gcc/arm-none-eabi/13.3.1/../../../../arm-none-eabi/lib/thumb/v7e-m+fp/hard/libc_nano.a(libc_a-exit.o)
                              /Applications/STM32CubeIDE.app/Contents/Eclipse/plugins/com.st.stm32cube.ide.mcu.externaltools.gnu-tools-for-stm32.13.3.rel1.macos64_1.0.0.202411102158/tools/bin/../lib/gcc/arm-none-eabi/13.3.1/../../../../arm-none-eabi/lib/thumb/v7e-m+fp/hard/crt0.o (exit)
/Applications/STM32CubeIDE.app/Contents/Eclipse/plugins/com.st.stm32cube.ide.mcu.externaltools.gnu-tools-for-stm32.13.3.rel1.macos64_1.0.0.202411102158/tools/bin/../lib/gcc/arm-none-eabi/13.3.1/../../../../arm-none-eabi/lib/thumb/v7e-m+fp/hard/libc_nano.a(libc_a-findfp.o)
                              /Applications/STM32CubeIDE.app/Contents/Eclipse/plugins/com.st.stm32cube.ide.mcu.externaltools.gnu-tools-for-stm32.13.3.rel1.macos64_1.0.0.202411102158/tools/bin/../lib/gcc/arm-none-eabi/13.3.1/../../../../arm-none-eabi/lib/thumb/v7e-m+fp/hard/libc_nano.a(libc_a-exit.o) (__stdio_exit_handler)
/Applications/STM32CubeIDE.app/Contents/Eclipse/plugins/com.st.stm32cube.ide.mcu.externaltools.gnu-tools-for-stm32.13.3.rel1.macos64_1.0.0.202411102158/tools/bin/../lib/gcc/arm-none-eabi/13.3.1/../../../../arm-none-eabi/lib/thumb/v7e-m+fp/hard/libc_nano.a(libc_a-strtol.o)
                              ./Src/Integration.o (strtol)
/Applications/STM32CubeIDE.app/Contents/Eclipse/plugins/com.st.stm32cube.ide.mcu.externaltools.gnu-tools-for-stm32.13.3.rel1.macos64_1.0.0.202411102158/tools/bin/../lib/gcc/arm-none-eabi/13.3.1/../../../../arm-none-eabi/lib/thumb/v7e-m+fp/hard/libc_nano.a(libc_a-strtoul.o)
                              ./Src/Integration.o (strtoul)
/Applications/STM32CubeIDE.app/Contents/Eclipse/plugins/com.st.stm32cube.ide.mcu.externaltools.gnu-tools-for-stm32.13.3.rel1.macos64_1.0.0.202411102158/tools/bin/../lib/gcc/arm-none-eabi/13.3.1/../../../../arm-none-eabi/lib/thumb/v7e-m+fp/hard/libc_nano.a(libc_a-fwalk.o)
                              /Applications/STM32CubeIDE.app/Contents/Eclipse/plugins/com.st.stm32cube.ide.mcu.externaltools.gnu-tools-for-stm32.13.3.rel1.macos64_1.0.0.202411102158/tools/bin/../lib/gcc/arm-none-eabi/13.3.1/../../../../arm-none-eabi/lib/thumb/v7e-m+fp/hard/libc_nano.a(libc_a-findfp.o) (_fwalk_sglue)
/Applications/STM32CubeIDE.app/Contents/Eclipse/plugins/com.st.stm32cube.ide.mcu.externaltools.gnu-tools-for-stm32.13.3.rel1.macos64_1.0.0.202411102158/tools/bin/../lib/gcc/arm-none-eabi/13.3.1/../../../../arm-none-eabi/lib/thumb/v7e-m+fp/hard/libc_nano.a(libc_a-memset.o)
                              /Applications/STM32CubeIDE.app/Contents/Eclipse/plugins/com.st.stm32cube.ide.mcu.externaltools.gnu-tools-for-stm32.13.3.rel1.macos64_1.0.0.202411102158/tools/bin/../lib/gcc/arm-none-eabi/13.3.1/../../../../arm-none-eabi/lib/thumb/v7e-m+fp/hard/crt0.o (memset)
/Applications/STM32CubeIDE.app/Contents/Eclipse/plugins/com.st.stm32cube.ide.mcu.externaltools.gnu-tools-for-stm32.13.3.rel1.macos64_1.0.0.202411102158/tools/bin/../lib/gcc/arm-none-eabi/13.3.1/../../../../arm-none-eabi/lib/thumb/v7e-m+fp/hard/libc_nano.a(libc_a-strchr.o)
                              ./Src/Integration.o (strchr)
/Applications/STM32CubeIDE.app/Contents/Eclipse/plugins/com.st.stm32cube.ide.mcu.externaltools.gnu-tools-for-stm32.13.3.rel1.macos64_1.0.0.202411102158/tools/bin/../lib/gcc/arm-none-eabi/13.3.1/../../../../arm-none-eabi/lib/thumb/v7e-m+fp/hard/libc_nano.a(libc_a-strncpy.o)
                              ./Src/Integration.o (strncpy)
/Applications/STM32CubeIDE.app/Contents/Eclipse/plugins/com.st.stm32cube.ide.mcu.externaltools.gnu-tools-for-stm32.13.3.rel1.macos64_1.0.0.202411102158/tools/bin/../lib/gcc/arm-none-eabi/13.3.1/../../../../arm-none-eabi/lib/thumb/v7e-m+fp/hard/libc_nano.a(libc_a-strpbrk.o)
                              ./Src/Integration.o (strpbrk)
/Applications/STM32CubeIDE.app/Contents/Eclipse/plugins/com.st.stm32cube.ide.mcu.externaltools.gnu-tools-for-stm32.13.3.rel1.macos64_1.0.0.202411102158/tools/bin/../lib/gcc/arm-none-eabi/13.3.1/../../../../arm-none-eabi/lib/thumb/v7e-m+fp/hard/libc_nano.a(libc_a-errno.o)
                              ./Src/syscalls.o (__errno)
/Applications/STM32CubeIDE.app/Contents/Eclipse/plugins/com.st.stm32cube.ide.mcu.externaltools.gnu-tools-for-stm32.13.3.rel1.macos64_1.0.0.202411102158/tools/bin/../lib/gcc/arm-none-eabi/13.3.1/../../../../arm-none-eabi/lib/thumb/v7e-m+fp/hard/libc_nano.a(libc_a-init.o)
                              /Applications/STM32CubeIDE.app/Contents/Eclipse/plugins/com.st.stm32cube.ide.mcu.externaltools.gnu-tools-for-stm32.13.3.rel1.macos64_1.0.0.202411102158/tools/bin/../lib/gcc/arm-none-eabi/13.3.1/../../../../arm-none-eabi/lib/thumb/v7e-m+fp/hard/crt0.o (__libc_init_array)
[...]
Memory Configuration

Name             Origin             Length             Attributes
CCMRAM           0x10000000         0x00002000         xrw
RAM              0x20000000         0x0000a000         xrw
FLASH            0x08000000         0x00040000         xr
*default*        0x00000000         0xffffffff

Linker script and memory map

LOAD /Applications/STM32CubeIDE.app/Contents/Eclipse/plugins/com.st.stm32cube.ide.mcu.externaltools.gnu-tools-for-stm32.13.3.rel1.macos64_1.0.0.202411102158/tools/bin/../lib/gcc/arm-none-eabi/13.3.1/thumb/v7e-m+fp/hard/crti.o
LOAD /Applications/STM32CubeIDE.app/Contents/Eclipse/plugins/com.st.stm32cube.ide.mcu.externaltools.gnu-tools-for-stm32.13.3.rel1.macos64_1.0.0.202411102158/tools/bin/../lib/gcc/arm-none-eabi/13.3.1/thumb/v7e-m+fp/hard/crtbegin.o
LOAD /Applications/STM32CubeIDE.app/Contents/Eclipse/plugins/com.st.stm32cube.ide.mcu.externaltools.gnu-tools-for-stm32.13.3.rel1.macos64_1.0.0.202411102158/tools/bin/../lib/gcc/arm-none-eabi/13.3.1/../../../../arm-none-eabi/lib/thumb/v7e-m+fp/hard/crt0.o
LOAD ./Src/Integration.o
LOAD ./Src/led.o
LOAD ./Src/main.o
LOAD ./Src/serial.o
LOAD ./Src/syscalls.o
LOAD ./Src/sysmem.o
LOAD ./Src/timers.o
LOAD ./Startup/startup_stm32f303vctx.o
START GROUP
LOAD /Applications/STM32CubeIDE.app/Contents/Eclipse/plugins/com.st.stm32cube.ide.mcu.externaltools.gnu-tools-for-stm32.13.3.rel1.macos64_1.0.0.202411102158/tools/bin/../lib/gcc/arm-none-eabi/13.3.1/../../../../arm-none-eabi/lib/thumb/v7e-m+fp/hard/libc_nano.a
LOAD /Applications/STM32CubeIDE.app/Contents/Eclipse/plugins/com.st.stm32cube.ide.mcu.externaltools.gnu-tools-for-stm32.13.3.rel1.macos64_1.0.0.202411102158/tools/bin/../lib/gcc/arm-none-eabi/13.3.1/../../../../arm-none-eabi/lib/thumb/v7e-m+fp/hard/libm.a
END GROUP
START GROUP
LOAD /Applications/STM32CubeIDE.app/Contents/Eclipse/plugins/com.st.stm32cube.ide.mcu.externaltools.gnu-tools-for-stm32.13.3.rel1.macos64_1.0.0.202411102158/tools/bin/../lib/gcc/arm-none-eabi/13.3.1/thumb/v7e-m+fp/hard/libgcc.a
LOAD /Applications/STM32CubeIDE.app/Contents/Eclipse/plugins/com.st.stm32cube.ide.mcu.externaltools.gnu-tools-for-stm32.13.3.rel1.macos64_1.0.0.202411102158/tools/bin/../lib/gcc/arm-none-eabi/13.3.1/../../../../arm-none-eabi/lib/thumb/v7e-m+fp/hard/libc_nano.a
END GROUP
START GROUP
LOAD /Applications/STM32CubeIDE.app/Contents/Eclipse/plugins/com.st.stm32cube.ide.mcu.externaltools.gnu-tools-for-stm32.13.3.rel1.macos64_1.0.0.202411102158/tools/bin/../lib/gcc/arm-none-eabi/13.3.1/thumb/v7e-m+fp/hard/libgcc.a
LOAD /Applications/STM32CubeIDE.app/Contents/Eclipse/plugins/com.st.stm32cube.ide.mcu.externaltools.gnu-tools-for-stm32.13.3.rel1.macos64_1.0.0.202411102158/tools/bin/../lib/gcc/arm-none-eabi/13.3.1/../../../../arm-none-eabi/lib/thumb/v7e-m+fp/hard/libc_nano.a
LOAD /Applications/STM32CubeIDE.app/Contents/Eclipse/plugins/com.st.stm32cube.ide.mcu.externaltools.gnu-tools-for-stm32.13.3.rel1.macos64_1.0.0.202411102158/tools/bin/../lib/gcc/arm-none-eabi/13.3.1/../../../../arm-none-eabi/lib/thumb/v7e-m+fp/hard/libnosys.a
END GROUP
START GROUP
LOAD /Applications/STM32CubeIDE.app/Contents/Eclipse/plugins/com.st.stm32cube.ide.mcu.externaltools.gnu-tools-for-stm32.13.3.rel1.macos64_1.0.0.202411102158/tools/bin/../lib/gcc/arm-none-eabi/13.3.1/thumb/v7e-m+fp/hard/libgcc.a
LOAD /Applications/STM32CubeIDE.app/Contents/Eclipse/plugins/com.st.stm32cube.ide.mcu.externaltools.gnu-tools-for-stm32.13.3.rel1.macos64_1.0.0.202411102158/tools/bin/../lib/gcc/arm-none-eabi/13.3.1/../../../../arm-none-eabi/lib/thumb/v7e-m+fp/hard/libc_nano.a
LOAD /Applications/STM32CubeIDE.app/Contents/Eclipse/plugins/com.st.stm32cube.ide.mcu.externaltools.gnu-tools-for-stm32.13.3.rel1.macos64_1.0.0.202411102158/tools/bin/../lib/gcc/arm-none-eabi/13.3.1/../../../../arm-none-eabi/lib/thumb/v7e-m+fp/hard/libnosys.a
END GROUP
LOAD /Applications/STM32CubeIDE.app/Contents/Eclipse/plugins/com.st.stm32cube.ide.mcu.externaltools.gnu-tools-for-stm32.13.3.rel1.macos64_1.0.0.202411102158/tools/bin/../lib/gcc/arm-none-eabi/13.3.1/thumb/v7e-m+fp/hard/crtend.o
LOAD /Applications/STM32CubeIDE.app/Contents/Eclipse/plugins/com.st.stm32cube.ide.mcu.externaltools.gnu-tools-for-stm32.13.3.rel1.macos64_1.0.0.202411102158/tools/bin/../lib/gcc/arm-none-eabi/13.3.1/thumb/v7e-m+fp/hard/crtn.o
                0x2000a000                        _estack = (ORIGIN (RAM) + LENGTH (RAM))
                0x00000200                        _Min_Heap_Size = 0x200
                0x00000400                        _Min_Stack_Size = 0x400

.isr_vector     0x08000000      0x194
                0x08000000                        . = ALIGN (0x4)
 *(.isr_vector)
 .isr_vector    0x08000000      0x194 ./Startup/startup_stm32f303vctx.o
                0x08000000                g_pfnVectors
                0x08000194                        . = ALIGN (0x4)

.text           0x08000194      0x4e4
                0x08000194                        . = ALIGN (0x4)
 *(.text)
 .text          0x08000194       0x40 /Applications/STM32CubeIDE.app/Contents/Eclipse/plugins/com.st.stm32cube.ide.mcu.externaltools.gnu-tools-for-stm32.13.3.rel1.macos64_1.0.0.202411102158/tools/bin/../lib/gcc/arm-none-eabi/13.3.1/thumb/v7e-m+fp/hard/crtbegin.o
 *(.text*)
 .text.__NVIC_EnableIRQ
                0x080001d4       0x3c ./Src/main.o
 .text.__NVIC_SetPriority
                0x08000210       0x54 ./Src/main.o
 .text.finished_transmission
                0x08000264       0x28 ./Src/main.o
                0x08000264                finished_transmission
 .text.USART1_EXTI25_IRQHandler
                0x0800028c       0x70 ./Src/main.o
                0x0800028c                USART1_EXTI25_IRQHandler
 .text.enable_interrupt
                0x080002fc       0x30 ./Src/main.o
                0x080002fc                enable_interrupt
 .text.main     0x0800032c       0x2c ./Src/main.o
                0x0800032c                main
 .text.SerialInitialise
                0x08000358       0xfc ./Src/serial.o
                0x08000358                SerialInitialise
 .text.SerialOutputChar
                0x08000454       0x32 ./Src/serial.o
                0x08000454                SerialOutputChar
 .text.SerialOutputString
                0x08000486       0x36 ./Src/serial.o
                0x08000486                SerialOutputString
 .text.InterruptInputString
                0x080004bc       0x78 ./Src/serial.o
                0x080004bc                InterruptInputString
 .text.TIM2_IRQHandler
                0x08000534       0x38 ./Src/timers.o
                0x08000534                TIM2_IRQHandler
 .text.TIM3_IRQHandler
                0x0800056c       0x58 ./Src/timers.o
                0x0800056c                TIM3_IRQHandler
 .text.Reset_Handler
                0x080005c4       0x50 ./Startup/startup_stm32f303vctx.o
                0x080005c4                Reset_Handler
 .text.Default_Handler
                0x08000614        0x2 ./Startup/startup_stm32f303vctx.o
                0x08000614                TIM1_BRK_TIM15_IRQHandler
                0x08000614                TIM8_CC_IRQHandler
                0x08000614                DebugMon_Handler
                0x08000614                DMA1_CH4_IRQHandler
                0x08000614                SPI4_IRQHandler
                0x08000614                TIM1_CC_IRQHandler
                0x08000614                HardFault_Handler
                0x08000614                USB_HP_IRQHandler
                0x08000614                I2C2_EV_EXTI24_IRQHandler
                0x08000614                SysTick_Handler
                0x08000614                USB_WKUP_EXTI_IRQHandler
                0x08000614                PVD_IRQHandler
                0x08000614                UART4_EXTI34_IRQHandler
                0x08000614                TAMP_STAMP_IRQHandler
                0x08000614                PendSV_Handler
                0x08000614                NMI_Handler
                0x08000614                EXTI3_IRQHandler
                0x08000614                I2C3_ER_IRQHandler
                0x08000614                TIM6_DACUNDER_IRQHandler
                0x08000614                USB_HP_CAN_TX_IRQHandler
                0x08000614                EXTI0_IRQHandler
                0x08000614                DMA2_CH1_IRQHandler
                0x08000614                TIM1_UP_TIM16_IRQHandler
                0x08000614                UsageFault_Handler
                0x08000614                ADC1_2_IRQHandler
                0x08000614                SPI1_IRQHandler
                0x08000614                CAN_SCE_IRQHandler
                0x08000614                DMA1_CH7_IRQHandler
                0x08000614                TIM8_UP_IRQHandler
                0x08000614                COMP456_IRQHandler
                0x08000614                DMA1_CH6_IRQHandler
                0x08000614                TIM20_TRG_COM_IRQHandler
                0x08000614                ADC3_IRQHandler
                0x08000614                TIM4_IRQHandler
                0x08000614                CAN_RX1_IRQHandler
                0x08000614                DMA2_CH5_IRQHandler
                0x08000614                I2C1_EV_EXTI23_IRQHandler
                0x08000614                DMA1_CH3_IRQHandler
                0x08000614                RCC_IRQHandler
                0x08000614                TIM20_UP_IRQHandler
                0x08000614                Default_Handler
                0x08000614                EXTI15_10_IRQHandler
                0x08000614                USART2_EXTI26_IRQHandler
                0x08000614                USART3_EXTI28_IRQHandler
                0x08000614                TIM7_IRQHandler
                0x08000614                I2C3_EV_IRQHandler
                0x08000614                EXTI9_5_IRQHandler
                0x08000614                DMA1_CH2_IRQHandler
                0x08000614                RTC_WKUP_IRQHandler
                0x08000614                SPI2_IRQHandler
                0x08000614                DMA1_CH1_IRQHandler
                0x08000614                USB_LP_CAN_RX0_IRQHandler
                0x08000614                MemManage_Handler
                0x08000614                COMP123_IRQHandler
                0x08000614                SVC_Handler
                0x08000614                USB_LP_IRQHandler
                0x08000614                EXTI4_IRQHandler
                0x08000614                TIM1_TRG_COM_TIM17_IRQHandler
                0x08000614                ADC4_IRQHandler
                0x08000614                WWDG_IRQHandler
                0x08000614                COMP7_IRQHandler
                0x08000614                EXTI1_IRQHandler
                0x08000614                RTCAlarm_IRQHandler
                0x08000614                UART5_EXTI35_IRQHandler
                0x08000614                TIM20_BRK_IRQHandler
                0x08000614                I2C2_ER_IRQHandler
                0x08000614                TIM8_BRK_IRQHandler
                0x08000614                FLASH_IRQHandler
                0x08000614                TIM20_CC_IRQHandler
                0x08000614                BusFault_Handler
                0x08000614                SPI3_IRQHandler
                0x08000614                DMA2_CH3_IRQHandler
                0x08000614                DMA2_CH2_IRQHandler
                0x08000614                I2C1_ER_IRQHandler
                0x08000614                FMC_IRQHandler
                0x08000614                DMA1_CH5_IRQHandler
                0x08000614                DMA2_CH4_IRQHandler
                0x08000614                USB_WKUP_IRQHandler
                0x08000614                EXTI2_TSC_IRQHandler
                0x08000614                TIM8_TRG_COM_IRQHandler
 *fill*         0x08000616        0x2 
 .text.__libc_init_array
                0x08000618       0x48 /Applications/STM32CubeIDE.app/Contents/Eclipse/plugins/com.st.stm32cube.ide.mcu.externaltools.gnu-tools-for-stm32.13.3.rel1.macos64_1.0.0.202411102158/tools/bin/../lib/gcc/arm-none-eabi/13.3.1/../../../../arm-none-eabi/lib/thumb/v7e-m+fp/hard/libc_nano.a(libc_a-init.o)
                0x08000618                __libc_init_array
 *(.glue_7)
 .glue_7        0x08000660        0x0 linker stubs
 *(.glue_7t)
 .glue_7t       0x08000660        0x0 linker stubs
 *(.eh_frame)
 .eh_frame      0x08000660        0x0 /Applications/STM32CubeIDE.app/Contents/Eclipse/plugins/com.st.stm32cube.ide.mcu.externaltools.gnu-tools-for-stm32.13.3.rel1.macos64_1.0.0.202411102158/tools/bin/../lib/gcc/arm-none-eabi/13.3.1/thumb/v7e-m+fp/hard/crtbegin.o
 *(.init)
 .init          0x08000660        0x4 /Applications/STM32CubeIDE.app/Contents/Eclipse/plugins/com.st.stm32cube.ide.mcu.externaltools.gnu-tools-for-stm32.13.3.rel1.macos64_1.0.0.202411102158/tools/bin/../lib/gcc/arm-none-eabi/13.3.1/thumb/v7e-m+fp/hard/crti.o
                0x08000660                _init
 .init          0x08000664        0x8 /Applications/STM32CubeIDE.app/Contents/Eclipse/plugins/com.st.stm32cube.ide.mcu.externaltools.gnu-tools-for-stm32.13.3.rel1.macos64_1.0.0.202411102158/tools/bin/../lib/gcc/arm-none-eabi/13.3.1/thumb/v7e-m+fp/hard/crtn.o
 *(.fini)
 .fini          0x0800066c        0x4 /Applications/STM32CubeIDE.app/Contents/Eclipse/plugins/com.st.stm32cube.ide.mcu.externaltools.gnu-tools-for-stm32.13.3.rel1.macos64_1.0.0.202411102158/tools/bin/../lib/gcc/arm-none-eabi/13.3.1/thumb/v7e-m+fp/hard/crti.o
                0x0800066c                _fini
 .fini          0x08000670        0x8 /Applications/STM32CubeIDE.app/Contents/Eclipse/plugins/com.st.stm32cube.ide.mcu.externaltools.gnu-tools-for-stm32.13.3.rel1.macos64_1.0.0.202411102158/tools/bin/../lib/gcc/arm-none-eabi/13.3.1/thumb/v7e-m+fp/hard/crtn.o
                0x08000678                        . = ALIGN (0x4)
                0x08000678                        _etext = .

.vfp11_veneer   0x08000678        0x0
 .vfp11_veneer  0x08000678        0x0 linker stubs

.v4_bx          0x08000678        0x0
 .v4_bx         0x08000678        0x0 linker stubs

.iplt           0x08000678        0x0
 .iplt          0x08000678        0x0 /Applications/STM32CubeIDE.app/Contents/Eclipse/plugins/com.st.stm32cube.ide.mcu.externaltools.gnu-tools-for-stm32.13.3.rel1.macos64_1.0.0.202411102158/tools/bin/../lib/gcc/arm-none-eabi/13.3.1/thumb/v7e-m+fp/hard/crtbegin.o

.rodata         0x08000678        0x0
                0x08000678                        . = ALIGN (0x4)
 *(.rodata)
 *(.rodata*)
                0x08000678                        . = ALIGN (0x4)

.ARM.extab      0x08000678        0x0
                0x08000678                        . = ALIGN (0x4)
 *(.ARM.extab* .gnu.linkonce.armextab.*)
                0x08000678                        . = ALIGN (0x4)

.ARM            0x08000678        0x0
                0x08000678                        . = ALIGN (0x4)
                0x08000678                        __exidx_start = .
 *(.ARM.exidx*)
                0x08000678                        __exidx_end = .
                0x08000678                        . = ALIGN (0x4)

.preinit_array  0x08000678        0x0
                0x08000678                        . = ALIGN (0x4)
                0x08000678                        PROVIDE (__preinit_array_start = .)
 *(.preinit_array*)
                0x08000678                        PROVIDE (__preinit_array_end = .)
                0x08000678                        . = ALIGN (0x4)

.init_array     0x08000678        0x4
                0x08000678                        . = ALIGN (0x4)
                0x08000678                        PROVIDE (__init_array_start = .)
 *(SORT_BY_NAME(.init_array.*))
 *(.init_array*)
 .init_array    0x08000678        0x4 /Applications/STM32CubeIDE.app/Contents/Eclipse/plugins/com.st.stm32cube.ide.mcu.externaltools.gnu-tools-for-stm32.13.3.rel1.macos64_1.0.0.202411102158/tools/bin/../lib/gcc/arm-none-eabi/13.3.1/thumb/v7e-m+fp/hard/crtbegin.o
                0x0800067c                        PROVIDE (__init_array_end = .)
                0x0800067c                        . = ALIGN (0x4)

.fini_array     0x0800067c        0x4
                0x0800067c                        . = ALIGN (0x4)
                [!provide]                        PROVIDE (__fini_array_start = .)
 *(SORT_BY_NAME(.fini_array.*))
 *(.fini_array*)
 .fini_array    0x0800067c        0x4 /Applications/STM32CubeIDE.app/Contents/Eclipse/plugins/com.st.stm32cube.ide.mcu.externaltools.gnu-tools-for-stm32.13.3.rel1.macos64_1.0.0.202411102158/tools/bin/../lib/gcc/arm-none-eabi/13.3.1/thumb/v7e-m+fp/hard/crtbegin.o
                [!provide]                        PROVIDE (__fini_array_end = .)
                0x08000680                        . = ALIGN (0x4)
                0x08000680                        _sidata = LOADADDR (.data)

.rel.dyn        0x08000680        0x0
 .rel.iplt      0x08000680        0x0 /Applications/STM32CubeIDE.app/Contents/Eclipse/plugins/com.st.stm32cube.ide.mcu.externaltools.gnu-tools-for-stm32.13.3.rel1.macos64_1.0.0.202411102158/tools/bin/../lib/gcc/arm-none-eabi/13.3.1/thumb/v7e-m+fp/hard/crtbegin.o

.data           0x20000000       0x30 load address 0x08000680
                0x20000000                        . = ALIGN (0x4)
                0x20000000                        _sdata = .
 *(.data)
 *(.data*)
 .data.buffer_size
                0x20000000        0x4 ./Src/main.o
                0x20000000                buffer_size
 .data.terminating
                0x20000004        0x1 ./Src/main.o
                0x20000004                terminating
 .data.buffer_size_db
                0x20000005        0x1 ./Src/main.o
                0x20000005                buffer_size_db
 *fill*         0x20000006        0x2 
 .data.USART1_PORT
                0x20000008       0x28 ./Src/serial.o
                0x20000008                USART1_PORT
 *(.RamFunc)
 *(.RamFunc*)
                0x20000030                        . = ALIGN (0x4)
                0x20000030                        _edata = .
                0x080006b0                        _siccmram = LOADADDR (.ccmram)

.igot.plt       0x20000030        0x0 load address 0x080006b0
 .igot.plt      0x20000030        0x0 /Applications/STM32CubeIDE.app/Contents/Eclipse/plugins/com.st.stm32cube.ide.mcu.externaltools.gnu-tools-for-stm32.13.3.rel1.macos64_1.0.0.202411102158/tools/bin/../lib/gcc/arm-none-eabi/13.3.1/thumb/v7e-m+fp/hard/crtbegin.o

.ccmram         0x10000000        0x0 load address 0x080006b0
                0x10000000                        . = ALIGN (0x4)
                0x10000000                        _sccmram = .
 *(.ccmram)
 *(.ccmram*)
                0x10000000                        . = ALIGN (0x4)
                0x10000000                        _eccmram = .
                0x10000000                        . = ALIGN (0x4)

.bss            0x20000030       0x58
                0x20000030                        _sbss = .
                0x20000030                        __bss_start__ = _sbss
 *(.bss)
 .bss           0x20000030       0x1c /Applications/STM32CubeIDE.app/Contents/Eclipse/plugins/com.st.stm32cube.ide.mcu.externaltools.gnu-tools-for-stm32.13.3.rel1.macos64_1.0.0.202411102158/tools/bin/../lib/gcc/arm-none-eabi/13.3.1/thumb/v7e-m+fp/hard/crtbegin.o
 *(.bss*)
 .bss.buffer    0x2000004c       0x20 ./Src/main.o
                0x2000004c                buffer
 .bss.when_receiving_data_db
                0x2000006c        0x4 ./Src/main.o
                0x2000006c                when_receiving_data_db
 .bss.when_receiving_data
                0x20000070        0x4 ./Src/main.o
                0x20000070                when_receiving_data
 .bss.when_sending_data
                0x20000074        0x4 ./Src/main.o
                0x20000074                when_sending_data
 .bss.counter   0x20000078        0x1 ./Src/serial.o
                0x20000078                counter
 *fill*         0x20000079        0x3 
 .bss.user_callback
                0x2000007c        0x4 ./Src/timers.o
 .bss.oneshot_mode
                0x20000080        0x1 ./Src/timers.o
 *fill*         0x20000081        0x3 
 .bss.oneshot_callback
                0x20000084        0x4 ./Src/timers.o
 *(COMMON)
                0x20000088                        . = ALIGN (0x4)
                0x20000088                        _ebss = .
                0x20000088                        __bss_end__ = _ebss

._user_heap_stack
                0x20000088      0x600
                0x20000088                        . = ALIGN (0x8)
                [!provide]                        PROVIDE (end = .)
                0x20000088                        PROVIDE (_end = .)
                0x20000288                        . = (. + _Min_Heap_Size)
 *fill*         0x20000088      0x200 
                0x20000688                        . = (. + _Min_Stack_Size)
 *fill*         0x20000288      0x400 
                0x20000688                        . = ALIGN (0x8)

/DISCARD/
 libc.a(*)
 libm.a(*)
 libgcc.a(*)

.ARM.attributes
                0x00000000       0x30
 *(.ARM.attributes)
 .ARM.attributes
                0x00000000       0x22 /Applications/STM32CubeIDE.app/Contents/Eclipse/plugins/com.st.stm32cube.ide.mcu.externaltools.gnu-tools-for-stm32.13.3.rel1.macos64_1.0.0.202411102158/tools/bin/../lib/gcc/arm-none-eabi/13.3.1/thumb/v7e-m+fp/hard/crti.o
 .ARM.attributes
                0x00000022       0x34 /Applications/STM32CubeIDE.app/Contents/Eclipse/plugins/com.st.stm32cube.ide.mcu.externaltools.gnu-tools-for-stm32.13.3.rel1.macos64_1.0.0.202411102158/tools/bin/../lib/gcc/arm-none-eabi/13.3.1/thumb/v7e-m+fp/hard/crtbegin.o
 .ARM.attributes
                0x00000056       0x34 ./Src/main.o
 .ARM.attributes
                0x0000008a       0x34 ./Src/serial.o
 .ARM.attributes
                0x000000be       0x34 ./Src/timers.o
 .ARM.attributes
                0x000000f2       0x21 ./Startup/startup_stm32f303vctx.o
 .ARM.attributes
                0x00000113       0x34 /Applications/STM32CubeIDE.app/Contents/Eclipse/plugins/com.st.stm32cube.ide.mcu.externaltools.gnu-tools-for-stm32.13.3.rel1.macos64_1.0.0.202411102158/tools/bin/../lib/gcc/arm-none-eabi/13.3.1/../../../../arm-none-eabi/lib/thumb/v7e-m+fp/hard/libc_nano.a(libc_a-init.o)
 .ARM.attributes
                0x00000147       0x22 /Applications/STM32CubeIDE.app/Contents/Eclipse/plugins/com.st.stm32cube.ide.mcu.externaltools.gnu-tools-for-stm32.13.3.rel1.macos64_1.0.0.202411102158/tools/bin/../lib/gcc/arm-none-eabi/13.3.1/thumb/v7e-m+fp/hard/crtn.o
OUTPUT(C Integration.elf elf32-littlearm)
LOAD linker stubs
LOAD /Applications/STM32CubeIDE.app/Contents/Eclipse/plugins/com.st.stm32cube.ide.mcu.externaltools.gnu-tools-for-stm32.13.3.rel1.macos64_1.0.0.202411102158/tools/bin/../lib/gcc/arm-none-eabi/13.3.1/../../../../arm-none-eabi/lib/thumb/v7e-m+fp/hard/libc.a
LOAD /Applications/STM32CubeIDE.app/Contents/Eclipse/plugins/com.st.stm32cube.ide.mcu.externaltools.gnu-tools-for-stm32.13.3.rel1.macos64_1.0.0.202411102158/tools/bin/../lib/gcc/arm-none-eabi/13.3.1/../../../../arm-none-eabi/lib/thumb/v7e-m+fp/hard/libm.a
LOAD /Applications/STM32CubeIDE.app/Contents/Eclipse/plugins/com.st.stm32cube.ide.mcu.externaltools.gnu-tools-for-stm32.13.3.rel1.macos64_1.0.0.202411102158/tools/bin/../lib/gcc/arm-none-eabi/13.3.1/thumb/v7e-m+fp/hard/libgcc.a

.debug_info     0x00000000     0x1971
 .debug_info    0x00000000      0x914 ./Src/main.o
 .debug_info    0x00000914      0x749 ./Src/serial.o
 .debug_info    0x0000105d      0x8e4 ./Src/timers.o
 .debug_info    0x00001941       0x30 ./Startup/startup_stm32f303vctx.o

.debug_abbrev   0x00000000      0x687
 .debug_abbrev  0x00000000      0x24a ./Src/main.o
 .debug_abbrev  0x0000024a      0x1f0 ./Src/serial.o
 .debug_abbrev  0x0000043a      0x229 ./Src/timers.o
 .debug_abbrev  0x00000663       0x24 ./Startup/startup_stm32f303vctx.o

.debug_aranges  0x00000000      0x158
 .debug_aranges
                0x00000000       0x48 ./Src/main.o
 .debug_aranges
                0x00000048       0x70 ./Src/serial.o
 .debug_aranges
                0x000000b8       0x78 ./Src/timers.o
 .debug_aranges
                0x00000130       0x28 ./Startup/startup_stm32f303vctx.o

.debug_rnglists
                0x00000000       0xf1
 .debug_rnglists
                0x00000000       0x31 ./Src/main.o
 .debug_rnglists
                0x00000031       0x51 ./Src/serial.o
 .debug_rnglists
                0x00000082       0x56 ./Src/timers.o
 .debug_rnglists
                0x000000d8       0x19 ./Startup/startup_stm32f303vctx.o

.debug_macro    0x00000000      0x902
 .debug_macro   0x00000000      0x1fe ./Src/main.o
 .debug_macro   0x000001fe       0x16 ./Src/main.o
 .debug_macro   0x00000214      0x11c ./Src/main.o
 .debug_macro   0x00000330       0x9b ./Src/main.o
 .debug_macro   0x000003cb       0x16 ./Src/main.o
 .debug_macro   0x000003e1       0x29 ./Src/main.o
 .debug_macro   0x0000040a       0x1c ./Src/main.o
 .debug_macro   0x00000426       0x10 ./Src/main.o
 .debug_macro   0x00000436       0x1c ./Src/main.o
 .debug_macro   0x00000452       0x16 ./Src/main.o
 .debug_macro   0x00000468      0x146 ./Src/main.o
 .debug_macro   0x000005ae       0x16 ./Src/main.o
 .debug_macro   0x000005c4      0x19c ./Src/serial.o
 .debug_macro   0x00000760      0x1a2 ./Src/timers.o

.debug_line     0x00000000     0x1895
 .debug_line    0x00000000      0x734 ./Src/main.o
 .debug_line    0x00000734      0x8d4 ./Src/serial.o
 .debug_line    0x00001008      0x812 ./Src/timers.o
 .debug_line    0x0000181a       0x7b ./Startup/startup_stm32f303vctx.o

.debug_str      0x00000000    0x76760
 .debug_str     0x00000000    0x76760 ./Src/main.o
                              0x76661 (size before relaxing)
 .debug_str     0x00076760    0x75bea ./Src/serial.o
 .debug_str     0x00076760    0x75f87 ./Src/timers.o
 .debug_str     0x00076760       0x94 ./Startup/startup_stm32f303vctx.o

.comment        0x00000000       0x43
 .comment       0x00000000       0x43 ./Src/main.o
                                 0x44 (size before relaxing)
 .comment       0x00000043       0x44 ./Src/serial.o
 .comment       0x00000043       0x44 ./Src/timers.o

.debug_frame    0x00000000      0x464
 .debug_frame   0x00000000       0xdc ./Src/main.o
 .debug_frame   0x000000dc      0x19c ./Src/serial.o
 .debug_frame   0x00000278      0x1c0 ./Src/timers.o
 .debug_frame   0x00000438       0x2c /Applications/STM32CubeIDE.app/Contents/Eclipse/plugins/com.st.stm32cube.ide.mcu.externaltools.gnu-tools-for-stm32.13.3.rel1.macos64_1.0.0.202411102158/tools/bin/../lib/gcc/arm-none-eabi/13.3.1/../../../../arm-none-eabi/lib/thumb/v7e-m+fp/hard/libc_nano.a(libc_a-init.o)

.debug_line_str
                0x00000000       0x78
 .debug_line_str
                0x00000000       0x78 ./Startup/startup_stm32f303vctx.o
