21:07:25 **** Clean-only build of configuration Debug for project week6-modular-design ****
make -j7 clean 
rm -rf ./Startup/startup_stm32f303vctx.d ./Startup/startup_stm32f303vctx.o
rm -rf ./Src/main.cyclo ./Src/main.d ./Src/main.o ./Src/main.su ./Src/movement.cyclo ./Src/movement.d ./Src/movement.o ./Src/movement.su ./Src/serial.cyclo ./Src/serial.d ./Src/serial.o ./Src/serial.su ./Src/shape.cyclo ./Src/shape.d ./Src/shape.o ./Src/shape.su ./Src/syscalls.cyclo ./Src/syscalls.d ./Src/syscalls.o ./Src/syscalls.su ./Src/sysmem.cyclo ./Src/sysmem.d ./Src/sysmem.o ./Src/sysmem.su
rm -rf default.size.stdout week6-modular-design.elf week6-modular-design.list week6-modular-design.map
 
21:07:26 **** Build of configuration Debug for project week6-modular-design ****
make -j7 all 
arm-none-eabi-gcc -mcpu=cortex-m4 -g3 -DDEBUG -c -x assembler-with-cpp -MMD -MP -MF"Startup/startup_stm32f303vctx.d" -MT"Startup/startup_stm32f303vctx.o" --specs=nano.specs -mfpu=fpv4-sp-d16 -mfloat-abi=soft -mthumb -o "Startup/startup_stm32f303vctx.o" "../Startup/startup_stm32f303vctx.s"
arm-none-eabi-gcc "../Src/main.c" -mcpu=cortex-m4 -std=gnu11 -g3 -DDEBUG -DSTM32F303VCTx -DSTM32 -DSTM32F3 -DSTM32F3DISCOVERY -c -I../Inc -I"/Users/haileythill-turke/Documents/GitHub/MTRX2700-2025/stm32f303-definitions/Core/Inc" -O0 -ffunction-sections -fdata-sections -Wall -fstack-usage -fcyclomatic-complexity -MMD -MP -MF"Src/main.d" -MT"Src/main.o" --specs=nano.specs -mfpu=fpv4-sp-d16 -mfloat-abi=soft -mthumb -o "Src/main.o"
arm-none-eabi-gcc "../Src/serial.c" -mcpu=cortex-m4 -std=gnu11 -g3 -DDEBUG -DSTM32F303VCTx -DSTM32 -DSTM32F3 -DSTM32F3DISCOVERY -c -I../Inc -I"/Users/haileythill-turke/Documents/GitHub/MTRX2700-2025/stm32f303-definitions/Core/Inc" -O0 -ffunction-sections -fdata-sections -Wall -fstack-usage -fcyclomatic-complexity -MMD -MP -MF"Src/serial.d" -MT"Src/serial.o" --specs=nano.specs -mfpu=fpv4-sp-d16 -mfloat-abi=soft -mthumb -o "Src/serial.o"
arm-none-eabi-gcc "../Src/syscalls.c" -mcpu=cortex-m4 -std=gnu11 -g3 -DDEBUG -DSTM32F303VCTx -DSTM32 -DSTM32F3 -DSTM32F3DISCOVERY -c -I../Inc -I"/Users/haileythill-turke/Documents/GitHub/MTRX2700-2025/stm32f303-definitions/Core/Inc" -O0 -ffunction-sections -fdata-sections -Wall -fstack-usage -fcyclomatic-complexity -MMD -MP -MF"Src/syscalls.d" -MT"Src/syscalls.o" --specs=nano.specs -mfpu=fpv4-sp-d16 -mfloat-abi=soft -mthumb -o "Src/syscalls.o"
arm-none-eabi-gcc "../Src/sysmem.c" -mcpu=cortex-m4 -std=gnu11 -g3 -DDEBUG -DSTM32F303VCTx -DSTM32 -DSTM32F3 -DSTM32F3DISCOVERY -c -I../Inc -I"/Users/haileythill-turke/Documents/GitHub/MTRX2700-2025/stm32f303-definitions/Core/Inc" -O0 -ffunction-sections -fdata-sections -Wall -fstack-usage -fcyclomatic-complexity -MMD -MP -MF"Src/sysmem.d" -MT"Src/sysmem.o" --specs=nano.specs -mfpu=fpv4-sp-d16 -mfloat-abi=soft -mthumb -o "Src/sysmem.o"
../Src/main.c: In function 'finished_transmission':
../Src/main.c:36:27: warning: unused variable 'test' [-Wunused-variable]
   36 |         volatile uint32_t test = 0;
      |                           ^~~~
../Src/main.c: In function 'main':
../Src/main.c:46:17: warning: unused variable 'buffer' [-Wunused-variable]
   46 |         uint8_t buffer[100];
      |                 ^~~~~~
arm-none-eabi-gcc -o "week6-modular-design.elf" @"objects.list"   -mcpu=cortex-m4 -T"/Users/haileythill-turke/Documents/GitHub/MTRX2700-2025/W06-UART-modular-design/STM32F303VCTX_FLASH.ld" --specs=nosys.specs -Wl,-Map="week6-modular-design.map" -Wl,--gc-sections -static --specs=nano.specs -mfpu=fpv4-sp-d16 -mfloat-abi=soft -mthumb -u _printf_float -Wl,--start-group -lc -lm -Wl,--end-group
/Applications/STM32CubeIDE.app/Contents/Eclipse/plugins/com.st.stm32cube.ide.mcu.externaltools.gnu-tools-for-stm32.13.3.rel1.macos64_1.0.0.202411102158/tools/bin/../lib/gcc/arm-none-eabi/13.3.1/../../../../arm-none-eabi/bin/ld: warning: week6-modular-design.elf has a LOAD segment with RWX permissions
Finished building target: week6-modular-design.elf
 
arm-none-eabi-size  week6-modular-design.elf 
arm-none-eabi-objdump -h -S week6-modular-design.elf  > "week6-modular-design.list"
   text	   data	    bss	    dec	    hex	filename
  15196	    504	   1904	  17604	   44c4	week6-modular-design.elf
Finished building: default.size.stdout
 
Finished building: week6-modular-design.list
 
21:08:15 **** Incremental Build of configuration Debug for project week6-modular-design ****
make -j7 all 
arm-none-eabi-gcc "../Src/main.c" -mcpu=cortex-m4 -std=gnu11 -g3 -DDEBUG -DSTM32F303VCTx -DSTM32 -DSTM32F3 -DSTM32F3DISCOVERY -c -I../Inc -I"/Users/haileythill-turke/Documents/GitHub/MTRX2700-2025/stm32f303-definitions/Core/Inc" -O0 -ffunction-sections -fdata-sections -Wall -fstack-usage -fcyclomatic-complexity -MMD -MP -MF"Src/main.d" -MT"Src/main.o" --specs=nano.specs -mfpu=fpv4-sp-d16 -mfloat-abi=soft -mthumb -o "Src/main.o"
arm-none-eabi-gcc -o "week6-modular-design.elf" @"objects.list"   -mcpu=cortex-m4 -T"/Users/haileythill-turke/Documents/GitHub/MTRX2700-2025/W06-UART-modular-design/STM32F303VCTX_FLASH.ld" --specs=nosys.specs -Wl,-Map="week6-modular-design.map" -Wl,--gc-sections -static --specs=nano.specs -mfpu=fpv4-sp-d16 -mfloat-abi=soft -mthumb -u _printf_float -Wl,--start-group -lc -lm -Wl,--end-group
../Src/main.c: In function 'finished_transmission':
../Src/main.c:36:27: warning: unused variable 'test' [-Wunused-variable]
   36 |         volatile uint32_t test = 0;
      |                           ^~~~
/Applications/STM32CubeIDE.app/Contents/Eclipse/plugins/com.st.stm32cube.ide.mcu.externaltools.gnu-tools-for-stm32.13.3.rel1.macos64_1.0.0.202411102158/tools/bin/../lib/gcc/arm-none-eabi/13.3.1/../../../../arm-none-eabi/bin/ld: warning: week6-modular-design.elf has a LOAD segment with RWX permissions
Finished building target: week6-modular-design.elf
 
arm-none-eabi-size  week6-modular-design.elf 
arm-none-eabi-objdump -h -S week6-modular-design.elf  > "week6-modular-design.list"
   text	   data	    bss	    dec	    hex	filename
  15324	    504	   1904	  17732	   4544	week6-modular-design.elf
Finished building: default.size.stdout
 
Finished building: week6-modular-design.list
 
22:05:45 **** Clean-only build of configuration Debug for project excersise_2 ****
make -j7 clean 
rm -rf ./Startup/startup_stm32f303vctx.d ./Startup/startup_stm32f303vctx.o
rm -rf ./Src/main.cyclo ./Src/main.d ./Src/main.o ./Src/main.su ./Src/serial.cyclo ./Src/serial.d ./Src/serial.o ./Src/serial.su ./Src/syscalls.cyclo ./Src/syscalls.d ./Src/syscalls.o ./Src/syscalls.su ./Src/sysmem.cyclo ./Src/sysmem.d ./Src/sysmem.o ./Src/sysmem.su
rm -rf default.size.stdout excersise_2.elf excersise_2.list excersise_2.map
 
22:05:46 **** Build of configuration Debug for project excersise_2 ****
make -j7 all 
arm-none-eabi-gcc -mcpu=cortex-m4 -g3 -DDEBUG -c -x assembler-with-cpp -MMD -MP -MF"Startup/startup_stm32f303vctx.d" -MT"Startup/startup_stm32f303vctx.o" --specs=nano.specs -mfpu=fpv4-sp-d16 -mfloat-abi=hard -mthumb -o "Startup/startup_stm32f303vctx.o" "../Startup/startup_stm32f303vctx.s"
arm-none-eabi-gcc "../Src/main.c" -mcpu=cortex-m4 -std=gnu11 -g3 -DDEBUG -DSTM32F303VCTx -DSTM32 -DSTM32F3 -DSTM32F3DISCOVERY -c -I../Inc -I"/Users/haileythill-turke/Documents/GitHub/MTRX2700-2025/stm32f303-definitions/Core/Inc" -O0 -ffunction-sections -fdata-sections -Wall -fstack-usage -fcyclomatic-complexity -MMD -MP -MF"Src/main.d" -MT"Src/main.o" --specs=nano.specs -mfpu=fpv4-sp-d16 -mfloat-abi=hard -mthumb -o "Src/main.o"
arm-none-eabi-gcc "../Src/serial.c" -mcpu=cortex-m4 -std=gnu11 -g3 -DDEBUG -DSTM32F303VCTx -DSTM32 -DSTM32F3 -DSTM32F3DISCOVERY -c -I../Inc -I"/Users/haileythill-turke/Documents/GitHub/MTRX2700-2025/stm32f303-definitions/Core/Inc" -O0 -ffunction-sections -fdata-sections -Wall -fstack-usage -fcyclomatic-complexity -MMD -MP -MF"Src/serial.d" -MT"Src/serial.o" --specs=nano.specs -mfpu=fpv4-sp-d16 -mfloat-abi=hard -mthumb -o "Src/serial.o"
arm-none-eabi-gcc "../Src/syscalls.c" -mcpu=cortex-m4 -std=gnu11 -g3 -DDEBUG -DSTM32F303VCTx -DSTM32 -DSTM32F3 -DSTM32F3DISCOVERY -c -I../Inc -I"/Users/haileythill-turke/Documents/GitHub/MTRX2700-2025/stm32f303-definitions/Core/Inc" -O0 -ffunction-sections -fdata-sections -Wall -fstack-usage -fcyclomatic-complexity -MMD -MP -MF"Src/syscalls.d" -MT"Src/syscalls.o" --specs=nano.specs -mfpu=fpv4-sp-d16 -mfloat-abi=hard -mthumb -o "Src/syscalls.o"
arm-none-eabi-gcc "../Src/sysmem.c" -mcpu=cortex-m4 -std=gnu11 -g3 -DDEBUG -DSTM32F303VCTx -DSTM32 -DSTM32F3 -DSTM32F3DISCOVERY -c -I../Inc -I"/Users/haileythill-turke/Documents/GitHub/MTRX2700-2025/stm32f303-definitions/Core/Inc" -O0 -ffunction-sections -fdata-sections -Wall -fstack-usage -fcyclomatic-complexity -MMD -MP -MF"Src/sysmem.d" -MT"Src/sysmem.o" --specs=nano.specs -mfpu=fpv4-sp-d16 -mfloat-abi=hard -mthumb -o "Src/sysmem.o"
../Src/serial.c: In function 'SerialOutputString':
../Src/serial.c:140:42: warning: passing argument 1 of 'serial_port->completion_function' makes integer from pointer without a cast [-Wint-conversion]
  140 |         serial_port->completion_function(pt, counter);
      |                                          ^~
      |                                          |
      |                                          uint8_t * {aka unsigned char *}
../Src/serial.c:140:42: note: expected 'uint32_t' {aka 'long unsigned int'} but argument is of type 'uint8_t *' {aka 'unsigned char *'}
../Src/serial.c:140:9: error: too many arguments to function 'serial_port->completion_function'
  140 |         serial_port->completion_function(pt, counter);
      |         ^~~~~~~~~~~
../Src/serial.c: In function 'SerialInputString':
../Src/serial.c:164:46: warning: passing argument 1 of 'serial_port->completion_function' makes integer from pointer without a cast [-Wint-conversion]
  164 |             serial_port->completion_function(pt, counter);
      |                                              ^~
      |                                              |
      |                                              uint8_t * {aka unsigned char *}
../Src/serial.c:164:46: note: expected 'uint32_t' {aka 'long unsigned int'} but argument is of type 'uint8_t *' {aka 'unsigned char *'}
../Src/serial.c:164:13: error: too many arguments to function 'serial_port->completion_function'
  164 |             serial_port->completion_function(pt, counter);
      |             ^~~~~~~~~~~
../Src/main.c:28:2: warning: #warning "FPU is not initialized, but the project is compiling for an FPU. Please initialize the FPU before use." [-Wcpp]
   28 | #warning "FPU is not initialized, but the project is compiling for an FPU. Please initialize the FPU before use."
      |  ^~~~~~~
../Src/main.c: In function 'finished_transmission':
../Src/main.c:35:27: warning: unused variable 'test' [-Wunused-variable]
   35 |         volatile uint32_t test = 0;
      |                           ^~~~
../Src/main.c: In function 'main':
../Src/main.c:51:53: warning: passing argument 3 of 'SerialInitialise' from incompatible pointer type [-Wincompatible-pointer-types]
   51 |         SerialInitialise(BAUD_115200, &USART1_PORT, &finished_transmission);
      |                                                     ^~~~~~~~~~~~~~~~~~~~~~
      |                                                     |
      |                                                     void (*)(uint8_t *, uint32_t) {aka void (*)(unsigned char *, long unsigned int)}
In file included from ../Src/main.c:23:
../Inc/serial.h:32:74: note: expected 'void (*)(uint32_t)' {aka 'void (*)(long unsigned int)'} but argument is of type 'void (*)(uint8_t *, uint32_t)' {aka 'void (*)(unsigned char *, long unsigned int)'}
   32 | void SerialInitialise(uint32_t baudRate, SerialPort *serial_port, void (*completion_function)(uint32_t) );
      |                                                                   ~~~~~~~^~~~~~~~~~~~~~~~~~~~~~~~~~~~~~
../Src/main.c:49:16: warning: unused variable 'completion_function' [-Wunused-variable]
   49 |         void (*completion_function)(uint8_t *, uint32_t) = &finished_transmission;
      |                ^~~~~~~~~~~~~~~~~~~
make: *** [Src/subdir.mk:28: Src/serial.o] Error 1
make: *** Waiting for unfinished jobs....
"make -j7 all" terminated with exit code 2. Build might be incomplete.
22:06:22 **** Incremental Build of configuration Debug for project excersise_2 ****
make -j7 all 
arm-none-eabi-gcc "../Src/serial.c" -mcpu=cortex-m4 -std=gnu11 -g3 -DDEBUG -DSTM32F303VCTx -DSTM32 -DSTM32F3 -DSTM32F3DISCOVERY -c -I../Inc -I"/Users/haileythill-turke/Documents/GitHub/MTRX2700-2025/stm32f303-definitions/Core/Inc" -O0 -ffunction-sections -fdata-sections -Wall -fstack-usage -fcyclomatic-complexity -MMD -MP -MF"Src/serial.d" -MT"Src/serial.o" --specs=nano.specs -mfpu=fpv4-sp-d16 -mfloat-abi=hard -mthumb -o "Src/serial.o"
../Src/serial.c:40:6: error: conflicting types for 'SerialInitialise'; have 'void(uint32_t,  SerialPort *, void (*)(uint8_t *, uint32_t))' {aka 'void(long unsigned int,  struct _SerialPort *, void (*)(unsigned char *, long unsigned int))'}
   40 | void SerialInitialise(uint32_t baudRate, SerialPort *serial_port, void (*completion_function)(uint8_t *, uint32_t)) {
      |      ^~~~~~~~~~~~~~~~
In file included from ../Src/serial.c:1:
../Inc/serial.h:32:6: note: previous declaration of 'SerialInitialise' with type 'void(uint32_t,  SerialPort *, void (*)(uint32_t))' {aka 'void(long unsigned int,  struct _SerialPort *, void (*)(long unsigned int))'}
   32 | void SerialInitialise(uint32_t baudRate, SerialPort *serial_port, void (*completion_function)(uint32_t) );
      |      ^~~~~~~~~~~~~~~~
../Src/serial.c: In function 'SerialInitialise':
../Src/serial.c:42:42: warning: assignment to 'void (*)(uint32_t)' {aka 'void (*)(long unsigned int)'} from incompatible pointer type 'void (*)(uint8_t *, uint32_t)' {aka 'void (*)(unsigned char *, long unsigned int)'} [-Wincompatible-pointer-types]
   42 |         serial_port->completion_function = completion_function;
      |                                          ^
../Src/serial.c: In function 'SerialOutputString':
../Src/serial.c:140:42: warning: passing argument 1 of 'serial_port->completion_function' makes integer from pointer without a cast [-Wint-conversion]
  140 |         serial_port->completion_function(pt, counter);
      |                                          ^~
      |                                          |
      |                                          uint8_t * {aka unsigned char *}
../Src/serial.c:140:42: note: expected 'uint32_t' {aka 'long unsigned int'} but argument is of type 'uint8_t *' {aka 'unsigned char *'}
../Src/serial.c:140:9: error: too many arguments to function 'serial_port->completion_function'
  140 |         serial_port->completion_function(pt, counter);
      |         ^~~~~~~~~~~
../Src/serial.c: In function 'SerialInputString':
../Src/serial.c:164:46: warning: passing argument 1 of 'serial_port->completion_function' makes integer from pointer without a cast [-Wint-conversion]
  164 |             serial_port->completion_function(pt, counter);
      |                                              ^~
      |                                              |
      |                                              uint8_t * {aka unsigned char *}
../Src/serial.c:164:46: note: expected 'uint32_t' {aka 'long unsigned int'} but argument is of type 'uint8_t *' {aka 'unsigned char *'}
../Src/serial.c:164:13: error: too many arguments to function 'serial_port->completion_function'
  164 |             serial_port->completion_function(pt, counter);
      |             ^~~~~~~~~~~
make: *** [Src/subdir.mk:28: Src/serial.o] Error 1
"make -j7 all" terminated with exit code 2. Build might be incomplete.
22:08:13 **** Incremental Build of configuration Debug for project excersise_2 ****
make -j7 all 
arm-none-eabi-gcc "../Src/serial.c" -mcpu=cortex-m4 -std=gnu11 -g3 -DDEBUG -DSTM32F303VCTx -DSTM32 -DSTM32F3 -DSTM32F3DISCOVERY -c -I../Inc -I"/Users/haileythill-turke/Documents/GitHub/MTRX2700-2025/stm32f303-definitions/Core/Inc" -O0 -ffunction-sections -fdata-sections -Wall -fstack-usage -fcyclomatic-complexity -MMD -MP -MF"Src/serial.d" -MT"Src/serial.o" --specs=nano.specs -mfpu=fpv4-sp-d16 -mfloat-abi=hard -mthumb -o "Src/serial.o"
../Src/serial.c:40:6: error: conflicting types for 'SerialInitialise'; have 'void(uint32_t,  SerialPort *, void (*)(uint8_t *, uint32_t))' {aka 'void(long unsigned int,  struct _SerialPort *, void (*)(unsigned char *, long unsigned int))'}
   40 | void SerialInitialise(uint32_t baudRate, SerialPort *serial_port, void (*completion_function)(uint8_t *, uint32_t)) {
      |      ^~~~~~~~~~~~~~~~
In file included from ../Src/serial.c:1:
../Inc/serial.h:32:6: note: previous declaration of 'SerialInitialise' with type 'void(uint32_t,  SerialPort *, void (*)(uint32_t))' {aka 'void(long unsigned int,  struct _SerialPort *, void (*)(long unsigned int))'}
   32 | void SerialInitialise(uint32_t baudRate, SerialPort *serial_port, void (*completion_function)(uint32_t) );
      |      ^~~~~~~~~~~~~~~~
../Src/serial.c: In function 'SerialInitialise':
../Src/serial.c:42:42: warning: assignment to 'void (*)(uint32_t)' {aka 'void (*)(long unsigned int)'} from incompatible pointer type 'void (*)(uint8_t *, uint32_t)' {aka 'void (*)(unsigned char *, long unsigned int)'} [-Wincompatible-pointer-types]
   42 |         serial_port->completion_function = completion_function;
      |                                          ^
../Src/serial.c: In function 'SerialOutputString':
../Src/serial.c:140:42: warning: passing argument 1 of 'serial_port->completion_function' makes integer from pointer without a cast [-Wint-conversion]
  140 |         serial_port->completion_function(pt, counter);
      |                                          ^~
      |                                          |
      |                                          uint8_t * {aka unsigned char *}
../Src/serial.c:140:42: note: expected 'uint32_t' {aka 'long unsigned int'} but argument is of type 'uint8_t *' {aka 'unsigned char *'}
../Src/serial.c:140:9: error: too many arguments to function 'serial_port->completion_function'
  140 |         serial_port->completion_function(pt, counter);
      |         ^~~~~~~~~~~
../Src/serial.c: In function 'SerialInputString':
../Src/serial.c:164:46: warning: passing argument 1 of 'serial_port->completion_function' makes integer from pointer without a cast [-Wint-conversion]
  164 |             serial_port->completion_function(pt, counter);
      |                                              ^~
      |                                              |
      |                                              uint8_t * {aka unsigned char *}
../Src/serial.c:164:46: note: expected 'uint32_t' {aka 'long unsigned int'} but argument is of type 'uint8_t *' {aka 'unsigned char *'}
../Src/serial.c:164:13: error: too many arguments to function 'serial_port->completion_function'
  164 |             serial_port->completion_function(pt, counter);
      |             ^~~~~~~~~~~
make: *** [Src/subdir.mk:28: Src/serial.o] Error 1
"make -j7 all" terminated with exit code 2. Build might be incomplete.
22:08:55 **** Incremental Build of configuration Debug for project excersise_2 ****
make -j7 all 
arm-none-eabi-gcc "../Src/main.c" -mcpu=cortex-m4 -std=gnu11 -g3 -DDEBUG -DSTM32F303VCTx -DSTM32 -DSTM32F3 -DSTM32F3DISCOVERY -c -I../Inc -I"/Users/haileythill-turke/Documents/GitHub/MTRX2700-2025/stm32f303-definitions/Core/Inc" -O0 -ffunction-sections -fdata-sections -Wall -fstack-usage -fcyclomatic-complexity -MMD -MP -MF"Src/main.d" -MT"Src/main.o" --specs=nano.specs -mfpu=fpv4-sp-d16 -mfloat-abi=hard -mthumb -o "Src/main.o"
arm-none-eabi-gcc "../Src/serial.c" -mcpu=cortex-m4 -std=gnu11 -g3 -DDEBUG -DSTM32F303VCTx -DSTM32 -DSTM32F3 -DSTM32F3DISCOVERY -c -I../Inc -I"/Users/haileythill-turke/Documents/GitHub/MTRX2700-2025/stm32f303-definitions/Core/Inc" -O0 -ffunction-sections -fdata-sections -Wall -fstack-usage -fcyclomatic-complexity -MMD -MP -MF"Src/serial.d" -MT"Src/serial.o" --specs=nano.specs -mfpu=fpv4-sp-d16 -mfloat-abi=hard -mthumb -o "Src/serial.o"
../Src/serial.c: In function 'SerialInitialise':
../Src/serial.c:42:42: warning: assignment to 'void (*)(uint32_t)' {aka 'void (*)(long unsigned int)'} from incompatible pointer type 'void (*)(uint8_t *, uint32_t)' {aka 'void (*)(unsigned char *, long unsigned int)'} [-Wincompatible-pointer-types]
   42 |         serial_port->completion_function = completion_function;
      |                                          ^
../Src/serial.c: In function 'SerialOutputString':
../Src/serial.c:140:42: warning: passing argument 1 of 'serial_port->completion_function' makes integer from pointer without a cast [-Wint-conversion]
  140 |         serial_port->completion_function(pt, counter);
      |                                          ^~
      |                                          |
      |                                          uint8_t * {aka unsigned char *}
../Src/serial.c:140:42: note: expected 'uint32_t' {aka 'long unsigned int'} but argument is of type 'uint8_t *' {aka 'unsigned char *'}
../Src/serial.c:140:9: error: too many arguments to function 'serial_port->completion_function'
  140 |         serial_port->completion_function(pt, counter);
      |         ^~~~~~~~~~~
../Src/serial.c: In function 'SerialInputString':
../Src/serial.c:164:46: warning: passing argument 1 of 'serial_port->completion_function' makes integer from pointer without a cast [-Wint-conversion]
  164 |             serial_port->completion_function(pt, counter);
      |                                              ^~
      |                                              |
      |                                              uint8_t * {aka unsigned char *}
../Src/serial.c:164:46: note: expected 'uint32_t' {aka 'long unsigned int'} but argument is of type 'uint8_t *' {aka 'unsigned char *'}
../Src/serial.c:164:13: error: too many arguments to function 'serial_port->completion_function'
  164 |             serial_port->completion_function(pt, counter);
      |             ^~~~~~~~~~~
../Src/main.c:28:2: warning: #warning "FPU is not initialized, but the project is compiling for an FPU. Please initialize the FPU before use." [-Wcpp]
   28 | #warning "FPU is not initialized, but the project is compiling for an FPU. Please initialize the FPU before use."
      |  ^~~~~~~
../Src/main.c: In function 'finished_transmission':
../Src/main.c:35:27: warning: unused variable 'test' [-Wunused-variable]
   35 |         volatile uint32_t test = 0;
      |                           ^~~~
../Src/main.c: In function 'main':
../Src/main.c:49:16: warning: unused variable 'completion_function' [-Wunused-variable]
   49 |         void (*completion_function)(uint8_t *, uint32_t) = &finished_transmission;
      |                ^~~~~~~~~~~~~~~~~~~
make: *** [Src/subdir.mk:28: Src/serial.o] Error 1
make: *** Waiting for unfinished jobs....
"make -j7 all" terminated with exit code 2. Build might be incomplete.
22:09:59 **** Incremental Build of configuration Debug for project excersise_2 ****
make -j7 all 
arm-none-eabi-gcc "../Src/serial.c" -mcpu=cortex-m4 -std=gnu11 -g3 -DDEBUG -DSTM32F303VCTx -DSTM32 -DSTM32F3 -DSTM32F3DISCOVERY -c -I../Inc -I"/Users/haileythill-turke/Documents/GitHub/MTRX2700-2025/stm32f303-definitions/Core/Inc" -O0 -ffunction-sections -fdata-sections -Wall -fstack-usage -fcyclomatic-complexity -MMD -MP -MF"Src/serial.d" -MT"Src/serial.o" --specs=nano.specs -mfpu=fpv4-sp-d16 -mfloat-abi=hard -mthumb -o "Src/serial.o"
../Src/serial.c:18:37: error: unknown type name 'uint_8'; did you mean 'uint8_t'?
   18 |         void (*completion_function)(uint_8 *, uint32_t);
      |                                     ^~~~~~
      |                                     uint8_t
../Src/serial.c:19:1: warning: no semicolon at end of struct or union
   19 | };
      | ^
../Src/serial.c:34:17: warning: excess elements in struct initializer
   34 |                 0x00 // default function pointer is NULL
      |                 ^~~~
../Src/serial.c:34:17: note: (near initialization for 'USART1_PORT')
../Src/serial.c: In function 'SerialInitialise':
../Src/serial.c:42:20: error: 'SerialPort' {aka 'struct _SerialPort'} has no member named 'completion_function'
   42 |         serial_port->completion_function = completion_function;
      |                    ^~
../Src/serial.c: In function 'SerialOutputString':
../Src/serial.c:140:20: error: 'SerialPort' {aka 'struct _SerialPort'} has no member named 'completion_function'
  140 |         serial_port->completion_function(pt, counter);
      |                    ^~
../Src/serial.c: In function 'SerialInputString':
../Src/serial.c:164:24: error: 'SerialPort' {aka 'struct _SerialPort'} has no member named 'completion_function'
  164 |             serial_port->completion_function(pt, counter);
      |                        ^~
make: *** [Src/subdir.mk:28: Src/serial.o] Error 1
"make -j7 all" terminated with exit code 2. Build might be incomplete.
22:10:21 **** Incremental Build of configuration Debug for project excersise_2 ****
make -j7 all 
arm-none-eabi-gcc "../Src/serial.c" -mcpu=cortex-m4 -std=gnu11 -g3 -DDEBUG -DSTM32F303VCTx -DSTM32 -DSTM32F3 -DSTM32F3DISCOVERY -c -I../Inc -I"/Users/haileythill-turke/Documents/GitHub/MTRX2700-2025/stm32f303-definitions/Core/Inc" -O0 -ffunction-sections -fdata-sections -Wall -fstack-usage -fcyclomatic-complexity -MMD -MP -MF"Src/serial.d" -MT"Src/serial.o" --specs=nano.specs -mfpu=fpv4-sp-d16 -mfloat-abi=hard -mthumb -o "Src/serial.o"
arm-none-eabi-gcc -o "excersise_2.elf" @"objects.list"   -mcpu=cortex-m4 -T"/Users/haileythill-turke/Documents/GitHub/MTRX2700-Lab-2-Group-1/excersise_2/STM32F303VCTX_FLASH.ld" --specs=nosys.specs -Wl,-Map="excersise_2.map" -Wl,--gc-sections -static --specs=nano.specs -mfpu=fpv4-sp-d16 -mfloat-abi=hard -mthumb -Wl,--start-group -lc -lm -Wl,--end-group
Finished building target: excersise_2.elf
 
arm-none-eabi-size  excersise_2.elf 
arm-none-eabi-objdump -h -S excersise_2.elf  > "excersise_2.list"
   text	   data	    bss	    dec	    hex	filename
   1136	     40	   1568	   2744	    ab8	excersise_2.elf
Finished building: default.size.stdout
 
Finished building: excersise_2.list
 
23:03:48 **** Incremental Build of configuration Debug for project excersise_2 ****
make -j7 all 
arm-none-eabi-gcc "../Src/main.c" -mcpu=cortex-m4 -std=gnu11 -g3 -DDEBUG -DSTM32F303VCTx -DSTM32 -DSTM32F3 -DSTM32F3DISCOVERY -c -I../Inc -I"/Users/haileythill-turke/Documents/GitHub/MTRX2700-2025/stm32f303-definitions/Core/Inc" -O0 -ffunction-sections -fdata-sections -Wall -fstack-usage -fcyclomatic-complexity -MMD -MP -MF"Src/main.d" -MT"Src/main.o" --specs=nano.specs -mfpu=fpv4-sp-d16 -mfloat-abi=hard -mthumb -o "Src/main.o"
../Src/main.c:28:2: warning: #warning "FPU is not initialized, but the project is compiling for an FPU. Please initialize the FPU before use." [-Wcpp]
   28 | #warning "FPU is not initialized, but the project is compiling for an FPU. Please initialize the FPU before use."
      |  ^~~~~~~
../Src/main.c: In function 'finished_transmission':
../Src/main.c:35:27: warning: unused variable 'test' [-Wunused-variable]
   35 |         volatile uint32_t test = 0;
      |                           ^~~~
../Src/main.c: In function 'main':
../Src/main.c:97:16: warning: unused variable 'completion_function' [-Wunused-variable]
   97 |         void (*completion_function)(uint8_t *, uint32_t) = &finished_transmission;
      |                ^~~~~~~~~~~~~~~~~~~
../Src/main.c:95:17: warning: unused variable 'buffer' [-Wunused-variable]
   95 |         uint8_t buffer[100];
      |                 ^~~~~~
arm-none-eabi-gcc -o "excersise_2.elf" @"objects.list"   -mcpu=cortex-m4 -T"/Users/haileythill-turke/Documents/GitHub/MTRX2700-Lab-2-Group-1/excersise_2/STM32F303VCTX_FLASH.ld" --specs=nosys.specs -Wl,-Map="excersise_2.map" -Wl,--gc-sections -static --specs=nano.specs -mfpu=fpv4-sp-d16 -mfloat-abi=hard -mthumb -Wl,--start-group -lc -lm -Wl,--end-group
Finished building target: excersise_2.elf
 
arm-none-eabi-size  excersise_2.elf 
arm-none-eabi-objdump -h -S excersise_2.elf  > "excersise_2.list"
   text	   data	    bss	    dec	    hex	filename
   1180	     40	   1568	   2788	    ae4	excersise_2.elf
Finished building: default.size.stdout
 
Finished building: excersise_2.list
 
23:06:52 **** Incremental Build of configuration Debug for project excersise_2 ****
make -j7 all 
arm-none-eabi-gcc "../Src/main.c" -mcpu=cortex-m4 -std=gnu11 -g3 -DDEBUG -DSTM32F303VCTx -DSTM32 -DSTM32F3 -DSTM32F3DISCOVERY -c -I../Inc -I"/Users/haileythill-turke/Documents/GitHub/MTRX2700-2025/stm32f303-definitions/Core/Inc" -O0 -ffunction-sections -fdata-sections -Wall -fstack-usage -fcyclomatic-complexity -MMD -MP -MF"Src/main.d" -MT"Src/main.o" --specs=nano.specs -mfpu=fpv4-sp-d16 -mfloat-abi=hard -mthumb -o "Src/main.o"
../Src/main.c:28:2: warning: #warning "FPU is not initialized, but the project is compiling for an FPU. Please initialize the FPU before use." [-Wcpp]
   28 | #warning "FPU is not initialized, but the project is compiling for an FPU. Please initialize the FPU before use."
      |  ^~~~~~~
../Src/main.c: In function 'finished_transmission':
../Src/main.c:35:27: warning: unused variable 'test' [-Wunused-variable]
   35 |         volatile uint32_t test = 0;
      |                           ^~~~
../Src/main.c: In function 'main':
../Src/main.c:99:16: warning: unused variable 'completion_function' [-Wunused-variable]
   99 |         void (*completion_function)(uint8_t *, uint32_t) = &finished_transmission;
      |                ^~~~~~~~~~~~~~~~~~~
../Src/main.c:97:17: warning: unused variable 'buffer' [-Wunused-variable]
   97 |         uint8_t buffer[100];
      |                 ^~~~~~
arm-none-eabi-gcc -o "excersise_2.elf" @"objects.list"   -mcpu=cortex-m4 -T"/Users/haileythill-turke/Documents/GitHub/MTRX2700-Lab-2-Group-1/excersise_2/STM32F303VCTX_FLASH.ld" --specs=nosys.specs -Wl,-Map="excersise_2.map" -Wl,--gc-sections -static --specs=nano.specs -mfpu=fpv4-sp-d16 -mfloat-abi=hard -mthumb -Wl,--start-group -lc -lm -Wl,--end-group
Finished building target: excersise_2.elf
 
arm-none-eabi-size  excersise_2.elf 
arm-none-eabi-objdump -h -S excersise_2.elf  > "excersise_2.list"
   text	   data	    bss	    dec	    hex	filename
   1180	     40	   1568	   2788	    ae4	excersise_2.elf
Finished building: default.size.stdout
 
Finished building: excersise_2.list
 
23:07:10 **** Incremental Build of configuration Debug for project excersise_2 ****
make -j7 all 
arm-none-eabi-gcc "../Src/main.c" -mcpu=cortex-m4 -std=gnu11 -g3 -DDEBUG -DSTM32F303VCTx -DSTM32 -DSTM32F3 -DSTM32F3DISCOVERY -c -I../Inc -I"/Users/haileythill-turke/Documents/GitHub/MTRX2700-2025/stm32f303-definitions/Core/Inc" -O0 -ffunction-sections -fdata-sections -Wall -fstack-usage -fcyclomatic-complexity -MMD -MP -MF"Src/main.d" -MT"Src/main.o" --specs=nano.specs -mfpu=fpv4-sp-d16 -mfloat-abi=hard -mthumb -o "Src/main.o"
../Src/main.c:28:2: warning: #warning "FPU is not initialized, but the project is compiling for an FPU. Please initialize the FPU before use." [-Wcpp]
   28 | #warning "FPU is not initialized, but the project is compiling for an FPU. Please initialize the FPU before use."
      |  ^~~~~~~
../Src/main.c: In function 'finished_transmission':
../Src/main.c:35:27: warning: unused variable 'test' [-Wunused-variable]
   35 |         volatile uint32_t test = 0;
      |                           ^~~~
../Src/main.c: In function 'main':
../Src/main.c:99:16: warning: unused variable 'completion_function' [-Wunused-variable]
   99 |         void (*completion_function)(uint8_t *, uint32_t) = &finished_transmission;
      |                ^~~~~~~~~~~~~~~~~~~
../Src/main.c:97:17: warning: unused variable 'buffer' [-Wunused-variable]
   97 |         uint8_t buffer[100];
      |                 ^~~~~~
arm-none-eabi-gcc -o "excersise_2.elf" @"objects.list"   -mcpu=cortex-m4 -T"/Users/haileythill-turke/Documents/GitHub/MTRX2700-Lab-2-Group-1/excersise_2/STM32F303VCTX_FLASH.ld" --specs=nosys.specs -Wl,-Map="excersise_2.map" -Wl,--gc-sections -static --specs=nano.specs -mfpu=fpv4-sp-d16 -mfloat-abi=hard -mthumb -Wl,--start-group -lc -lm -Wl,--end-group
Finished building target: excersise_2.elf
 
arm-none-eabi-size  excersise_2.elf 
arm-none-eabi-objdump -h -S excersise_2.elf  > "excersise_2.list"
   text	   data	    bss	    dec	    hex	filename
   1376	     40	   1568	   2984	    ba8	excersise_2.elf
Finished building: default.size.stdout
 
Finished building: excersise_2.list
 
23:08:16 **** Incremental Build of configuration Debug for project excersise_2 ****
make -j7 all 
arm-none-eabi-size  excersise_2.elf 
   text	   data	    bss	    dec	    hex	filename
   1376	     40	   1568	   2984	    ba8	excersise_2.elf
Finished building: default.size.stdout
 
10:30:14 **** Incremental Build of configuration Debug for project excersise_2 ****
make -j7 all 
arm-none-eabi-gcc "../Src/main.c" -mcpu=cortex-m4 -std=gnu11 -g3 -DDEBUG -DSTM32F303VCTx -DSTM32 -DSTM32F3 -DSTM32F3DISCOVERY -c -I../Inc -I"/Users/haileythill-turke/Documents/GitHub/MTRX2700-2025/stm32f303-definitions/Core/Inc" -O0 -ffunction-sections -fdata-sections -Wall -fstack-usage -fcyclomatic-complexity -MMD -MP -MF"Src/main.d" -MT"Src/main.o" --specs=nano.specs -mfpu=fpv4-sp-d16 -mfloat-abi=hard -mthumb -o "Src/main.o"
arm-none-eabi-gcc "../Src/serial.c" -mcpu=cortex-m4 -std=gnu11 -g3 -DDEBUG -DSTM32F303VCTx -DSTM32 -DSTM32F3 -DSTM32F3DISCOVERY -c -I../Inc -I"/Users/haileythill-turke/Documents/GitHub/MTRX2700-2025/stm32f303-definitions/Core/Inc" -O0 -ffunction-sections -fdata-sections -Wall -fstack-usage -fcyclomatic-complexity -MMD -MP -MF"Src/serial.d" -MT"Src/serial.o" --specs=nano.specs -mfpu=fpv4-sp-d16 -mfloat-abi=hard -mthumb -o "Src/serial.o"
../Src/main.c:28:2: warning: #warning "FPU is not initialized, but the project is compiling for an FPU. Please initialize the FPU before use." [-Wcpp]
   28 | #warning "FPU is not initialized, but the project is compiling for an FPU. Please initialize the FPU before use."
      |  ^~~~~~~
../Src/main.c: In function 'finished_transmission':
../Src/main.c:35:27: warning: unused variable 'test' [-Wunused-variable]
   35 |         volatile uint32_t test = 0;
      |                           ^~~~
../Src/main.c: In function 'main':
../Src/main.c:99:16: warning: unused variable 'completion_function' [-Wunused-variable]
   99 |         void (*completion_function)(uint8_t *, uint32_t) = &finished_transmission;
      |                ^~~~~~~~~~~~~~~~~~~
../Src/main.c:97:17: warning: unused variable 'buffer' [-Wunused-variable]
   97 |         uint8_t buffer[100];
      |                 ^~~~~~
arm-none-eabi-gcc -o "excersise_2.elf" @"objects.list"   -mcpu=cortex-m4 -T"/Users/haileythill-turke/Documents/GitHub/MTRX2700-Lab-2-Group-1/excersise_2/STM32F303VCTX_FLASH.ld" --specs=nosys.specs -Wl,-Map="excersise_2.map" -Wl,--gc-sections -static --specs=nano.specs -mfpu=fpv4-sp-d16 -mfloat-abi=hard -mthumb -Wl,--start-group -lc -lm -Wl,--end-group
Finished building target: excersise_2.elf
 
arm-none-eabi-size  excersise_2.elf 
arm-none-eabi-objdump -h -S excersise_2.elf  > "excersise_2.list"
   text	   data	    bss	    dec	    hex	filename
   1376	     40	   1568	   2984	    ba8	excersise_2.elf
Finished building: default.size.stdout
 
Finished building: excersise_2.list
 
10:35:23 **** Incremental Build of configuration Debug for project excersise_2 ****
make -j7 all 
arm-none-eabi-gcc "../Src/main.c" -mcpu=cortex-m4 -std=gnu11 -g3 -DDEBUG -DSTM32F303VCTx -DSTM32 -DSTM32F3 -DSTM32F3DISCOVERY -c -I../Inc -I"/Users/haileythill-turke/Documents/GitHub/MTRX2700-2025/stm32f303-definitions/Core/Inc" -O0 -ffunction-sections -fdata-sections -Wall -fstack-usage -fcyclomatic-complexity -MMD -MP -MF"Src/main.d" -MT"Src/main.o" --specs=nano.specs -mfpu=fpv4-sp-d16 -mfloat-abi=hard -mthumb -o "Src/main.o"
arm-none-eabi-gcc "../Src/serial.c" -mcpu=cortex-m4 -std=gnu11 -g3 -DDEBUG -DSTM32F303VCTx -DSTM32 -DSTM32F3 -DSTM32F3DISCOVERY -c -I../Inc -I"/Users/haileythill-turke/Documents/GitHub/MTRX2700-2025/stm32f303-definitions/Core/Inc" -O0 -ffunction-sections -fdata-sections -Wall -fstack-usage -fcyclomatic-complexity -MMD -MP -MF"Src/serial.d" -MT"Src/serial.o" --specs=nano.specs -mfpu=fpv4-sp-d16 -mfloat-abi=hard -mthumb -o "Src/serial.o"
../Src/main.c:28:2: warning: #warning "FPU is not initialized, but the project is compiling for an FPU. Please initialize the FPU before use." [-Wcpp]
   28 | #warning "FPU is not initialized, but the project is compiling for an FPU. Please initialize the FPU before use."
      |  ^~~~~~~
../Src/main.c: In function 'finished_transmission':
../Src/main.c:35:27: warning: unused variable 'test' [-Wunused-variable]
   35 |         volatile uint32_t test = 0;
      |                           ^~~~
../Src/main.c: In function 'main':
../Src/main.c:99:16: warning: unused variable 'completion_function' [-Wunused-variable]
   99 |         void (*completion_function)(uint8_t *, uint32_t) = &finished_transmission;
      |                ^~~~~~~~~~~~~~~~~~~
arm-none-eabi-gcc -o "excersise_2.elf" @"objects.list"   -mcpu=cortex-m4 -T"/Users/haileythill-turke/Documents/GitHub/MTRX2700-Lab-2-Group-1/excersise_2/STM32F303VCTX_FLASH.ld" --specs=nosys.specs -Wl,-Map="excersise_2.map" -Wl,--gc-sections -static --specs=nano.specs -mfpu=fpv4-sp-d16 -mfloat-abi=hard -mthumb -Wl,--start-group -lc -lm -Wl,--end-group
Finished building target: excersise_2.elf
 
arm-none-eabi-size  excersise_2.elf 
arm-none-eabi-objdump -h -S excersise_2.elf  > "excersise_2.list"
   text	   data	    bss	    dec	    hex	filename
   1188	     40	   1568	   2796	    aec	excersise_2.elf
Finished building: default.size.stdout
 
Finished building: excersise_2.list
 
10:40:03 **** Incremental Build of configuration Debug for project excersise_2 ****
make -j7 all 
arm-none-eabi-size  excersise_2.elf 
   text	   data	    bss	    dec	    hex	filename
   1188	     40	   1568	   2796	    aec	excersise_2.elf
Finished building: default.size.stdout
 
10:48:21 **** Incremental Build of configuration Debug for project excersise_2 ****
make -j7 all 
arm-none-eabi-size  excersise_2.elf 
   text	   data	    bss	    dec	    hex	filename
   1188	     40	   1568	   2796	    aec	excersise_2.elf
Finished building: default.size.stdout
 
10:51:56 **** Incremental Build of configuration Debug for project excersise_2 ****
make -j7 all 
arm-none-eabi-size  excersise_2.elf 
   text	   data	    bss	    dec	    hex	filename
   1188	     40	   1568	   2796	    aec	excersise_2.elf
Finished building: default.size.stdout
 
10:52:37 **** Incremental Build of configuration Debug for project excersise_2 ****
make -j7 all 
arm-none-eabi-size  excersise_2.elf 
   text	   data	    bss	    dec	    hex	filename
   1188	     40	   1568	   2796	    aec	excersise_2.elf
Finished building: default.size.stdout
 
13:27:20 **** Incremental Build of configuration Debug for project excersise_2 ****
make -j7 all 
arm-none-eabi-size  excersise_2.elf 
   text	   data	    bss	    dec	    hex	filename
   1188	     40	   1568	   2796	    aec	excersise_2.elf
Finished building: default.size.stdout
 
16:12:03 **** Incremental Build of configuration Debug for project excersise_2 ****
make -j7 all 
arm-none-eabi-gcc "../Src/main.c" -mcpu=cortex-m4 -std=gnu11 -g3 -DDEBUG -DSTM32F303VCTx -DSTM32 -DSTM32F3 -DSTM32F3DISCOVERY -c -I../Inc -I"/Users/haileythill-turke/Documents/GitHub/MTRX2700-2025/stm32f303-definitions/Core/Inc" -O0 -ffunction-sections -fdata-sections -Wall -fstack-usage -fcyclomatic-complexity -MMD -MP -MF"Src/main.d" -MT"Src/main.o" --specs=nano.specs -mfpu=fpv4-sp-d16 -mfloat-abi=hard -mthumb -o "Src/main.o"
../Src/main.c:28:2: warning: #warning "FPU is not initialized, but the project is compiling for an FPU. Please initialize the FPU before use." [-Wcpp]
   28 | #warning "FPU is not initialized, but the project is compiling for an FPU. Please initialize the FPU before use."
      |  ^~~~~~~
../Src/main.c: In function 'finished_transmission':
../Src/main.c:35:27: warning: unused variable 'test' [-Wunused-variable]
   35 |         volatile uint32_t test = 0;
      |                           ^~~~
../Src/main.c: In function 'main':
../Src/main.c:99:16: warning: unused variable 'completion_function' [-Wunused-variable]
   99 |         void (*completion_function)(uint8_t *, uint32_t) = &finished_transmission;
      |                ^~~~~~~~~~~~~~~~~~~
../Src/main.c:97:17: warning: unused variable 'buffer' [-Wunused-variable]
   97 |         uint8_t buffer[100];
      |                 ^~~~~~
arm-none-eabi-gcc -o "excersise_2.elf" @"objects.list"   -mcpu=cortex-m4 -T"/Users/haileythill-turke/Documents/GitHub/MTRX2700-Lab-2-Group-1/excersise_2/STM32F303VCTX_FLASH.ld" --specs=nosys.specs -Wl,-Map="excersise_2.map" -Wl,--gc-sections -static --specs=nano.specs -mfpu=fpv4-sp-d16 -mfloat-abi=hard -mthumb -Wl,--start-group -lc -lm -Wl,--end-group
Finished building target: excersise_2.elf
 
arm-none-eabi-size  excersise_2.elf 
arm-none-eabi-objdump -h -S excersise_2.elf  > "excersise_2.list"
   text	   data	    bss	    dec	    hex	filename
   1376	     40	   1568	   2984	    ba8	excersise_2.elf
Finished building: default.size.stdout
 
Finished building: excersise_2.list
 
16:13:46 **** Incremental Build of configuration Debug for project excersise_2 ****
make -j7 all 
arm-none-eabi-size  excersise_2.elf 
   text	   data	    bss	    dec	    hex	filename
   1376	     40	   1568	   2984	    ba8	excersise_2.elf
Finished building: default.size.stdout
 
16:20:02 **** Incremental Build of configuration Debug for project excersise_2 ****
make -j7 all 
arm-none-eabi-gcc "../Src/main.c" -mcpu=cortex-m4 -std=gnu11 -g3 -DDEBUG -DSTM32F303VCTx -DSTM32 -DSTM32F3 -DSTM32F3DISCOVERY -c -I../Inc -I"/Users/haileythill-turke/Documents/GitHub/MTRX2700-2025/stm32f303-definitions/Core/Inc" -O0 -ffunction-sections -fdata-sections -Wall -fstack-usage -fcyclomatic-complexity -MMD -MP -MF"Src/main.d" -MT"Src/main.o" --specs=nano.specs -mfpu=fpv4-sp-d16 -mfloat-abi=hard -mthumb -o "Src/main.o"
../Src/main.c:28:2: warning: #warning "FPU is not initialized, but the project is compiling for an FPU. Please initialize the FPU before use." [-Wcpp]
   28 | #warning "FPU is not initialized, but the project is compiling for an FPU. Please initialize the FPU before use."
      |  ^~~~~~~
../Src/main.c: In function 'finished_transmission':
../Src/main.c:35:27: warning: unused variable 'test' [-Wunused-variable]
   35 |         volatile uint32_t test = 0;
      |                           ^~~~
../Src/main.c: In function 'USART1_EXTI25_IRQHandler':
../Src/main.c:51:37: error: 'buffer' undeclared (first use in this function); did you mean 'setbuffer'?
   51 |                 when_receiving_data(buffer, &USART1_PORT);
      |                                     ^~~~~~
      |                                     setbuffer
../Src/main.c:51:37: note: each undeclared identifier is reported only once for each function it appears in
../Src/main.c: In function 'main':
../Src/main.c:99:16: warning: unused variable 'completion_function' [-Wunused-variable]
   99 |         void (*completion_function)(uint8_t *, uint32_t) = &finished_transmission;
      |                ^~~~~~~~~~~~~~~~~~~
../Src/main.c:97:17: warning: unused variable 'buffer' [-Wunused-variable]
   97 |         uint8_t buffer[100];
      |                 ^~~~~~
make: *** [Src/subdir.mk:28: Src/main.o] Error 1
"make -j7 all" terminated with exit code 2. Build might be incomplete.
16:22:57 **** Incremental Build of configuration Debug for project excersise_2 ****
make -j7 all 
arm-none-eabi-gcc "../Src/main.c" -mcpu=cortex-m4 -std=gnu11 -g3 -DDEBUG -DSTM32F303VCTx -DSTM32 -DSTM32F3 -DSTM32F3DISCOVERY -c -I../Inc -I"/Users/haileythill-turke/Documents/GitHub/MTRX2700-2025/stm32f303-definitions/Core/Inc" -O0 -ffunction-sections -fdata-sections -Wall -fstack-usage -fcyclomatic-complexity -MMD -MP -MF"Src/main.d" -MT"Src/main.o" --specs=nano.specs -mfpu=fpv4-sp-d16 -mfloat-abi=hard -mthumb -o "Src/main.o"
arm-none-eabi-gcc "../Src/serial.c" -mcpu=cortex-m4 -std=gnu11 -g3 -DDEBUG -DSTM32F303VCTx -DSTM32 -DSTM32F3 -DSTM32F3DISCOVERY -c -I../Inc -I"/Users/haileythill-turke/Documents/GitHub/MTRX2700-2025/stm32f303-definitions/Core/Inc" -O0 -ffunction-sections -fdata-sections -Wall -fstack-usage -fcyclomatic-complexity -MMD -MP -MF"Src/serial.d" -MT"Src/serial.o" --specs=nano.specs -mfpu=fpv4-sp-d16 -mfloat-abi=hard -mthumb -o "Src/serial.o"
../Src/main.c:28:2: warning: #warning "FPU is not initialized, but the project is compiling for an FPU. Please initialize the FPU before use." [-Wcpp]
   28 | #warning "FPU is not initialized, but the project is compiling for an FPU. Please initialize the FPU before use."
      |  ^~~~~~~
../Src/main.c: In function 'finished_transmission':
../Src/main.c:35:27: warning: unused variable 'test' [-Wunused-variable]
   35 |         volatile uint32_t test = 0;
      |                           ^~~~
../Src/main.c: In function 'main':
../Src/main.c:99:16: warning: unused variable 'completion_function' [-Wunused-variable]
   99 |         void (*completion_function)(uint8_t *, uint32_t) = &finished_transmission;
      |                ^~~~~~~~~~~~~~~~~~~
arm-none-eabi-gcc -o "excersise_2.elf" @"objects.list"   -mcpu=cortex-m4 -T"/Users/haileythill-turke/Documents/GitHub/MTRX2700-Lab-2-Group-1/excersise_2/STM32F303VCTX_FLASH.ld" --specs=nosys.specs -Wl,-Map="excersise_2.map" -Wl,--gc-sections -static --specs=nano.specs -mfpu=fpv4-sp-d16 -mfloat-abi=hard -mthumb -Wl,--start-group -lc -lm -Wl,--end-group
/Applications/STM32CubeIDE.app/Contents/Eclipse/plugins/com.st.stm32cube.ide.mcu.externaltools.gnu-tools-for-stm32.13.3.rel1.macos64_1.0.0.202411102158/tools/bin/../lib/gcc/arm-none-eabi/13.3.1/../../../../arm-none-eabi/bin/ld: ./Src/serial.o:/Users/haileythill-turke/Documents/GitHub/MTRX2700-Lab-2-Group-1/excersise_2/Debug/../Inc/serial.h:29: multiple definition of `buffer'; ./Src/main.o:/Users/haileythill-turke/Documents/GitHub/MTRX2700-Lab-2-Group-1/excersise_2/Debug/../Inc/serial.h:29: first defined here
collect2: error: ld returned 1 exit status
make: *** [makefile:63: excersise_2.elf] Error 1
"make -j7 all" terminated with exit code 2. Build might be incomplete.
16:23:20 **** Incremental Build of configuration Debug for project excersise_2 ****
make -j7 all 
arm-none-eabi-gcc -o "excersise_2.elf" @"objects.list"   -mcpu=cortex-m4 -T"/Users/haileythill-turke/Documents/GitHub/MTRX2700-Lab-2-Group-1/excersise_2/STM32F303VCTX_FLASH.ld" --specs=nosys.specs -Wl,-Map="excersise_2.map" -Wl,--gc-sections -static --specs=nano.specs -mfpu=fpv4-sp-d16 -mfloat-abi=hard -mthumb -Wl,--start-group -lc -lm -Wl,--end-group
/Applications/STM32CubeIDE.app/Contents/Eclipse/plugins/com.st.stm32cube.ide.mcu.externaltools.gnu-tools-for-stm32.13.3.rel1.macos64_1.0.0.202411102158/tools/bin/../lib/gcc/arm-none-eabi/13.3.1/../../../../arm-none-eabi/bin/ld: ./Src/serial.o:/Users/haileythill-turke/Documents/GitHub/MTRX2700-Lab-2-Group-1/excersise_2/Debug/../Inc/serial.h:29: multiple definition of `buffer'; ./Src/main.o:/Users/haileythill-turke/Documents/GitHub/MTRX2700-Lab-2-Group-1/excersise_2/Debug/../Inc/serial.h:29: first defined here
collect2: error: ld returned 1 exit status
make: *** [makefile:63: excersise_2.elf] Error 1
"make -j7 all" terminated with exit code 2. Build might be incomplete.
16:24:33 **** Incremental Build of configuration Debug for project excersise_2 ****
make -j7 all 
arm-none-eabi-gcc "../Src/main.c" -mcpu=cortex-m4 -std=gnu11 -g3 -DDEBUG -DSTM32F303VCTx -DSTM32 -DSTM32F3 -DSTM32F3DISCOVERY -c -I../Inc -I"/Users/haileythill-turke/Documents/GitHub/MTRX2700-2025/stm32f303-definitions/Core/Inc" -O0 -ffunction-sections -fdata-sections -Wall -fstack-usage -fcyclomatic-complexity -MMD -MP -MF"Src/main.d" -MT"Src/main.o" --specs=nano.specs -mfpu=fpv4-sp-d16 -mfloat-abi=hard -mthumb -o "Src/main.o"
../Src/main.c:28:2: warning: #warning "FPU is not initialized, but the project is compiling for an FPU. Please initialize the FPU before use." [-Wcpp]
   28 | #warning "FPU is not initialized, but the project is compiling for an FPU. Please initialize the FPU before use."
      |  ^~~~~~~
../Src/main.c: In function 'finished_transmission':
../Src/main.c:35:27: warning: unused variable 'test' [-Wunused-variable]
   35 |         volatile uint32_t test = 0;
      |                           ^~~~
../Src/main.c: In function 'main':
../Src/main.c:99:16: warning: unused variable 'completion_function' [-Wunused-variable]
   99 |         void (*completion_function)(uint8_t *, uint32_t) = &finished_transmission;
      |                ^~~~~~~~~~~~~~~~~~~
arm-none-eabi-gcc -o "excersise_2.elf" @"objects.list"   -mcpu=cortex-m4 -T"/Users/haileythill-turke/Documents/GitHub/MTRX2700-Lab-2-Group-1/excersise_2/STM32F303VCTX_FLASH.ld" --specs=nosys.specs -Wl,-Map="excersise_2.map" -Wl,--gc-sections -static --specs=nano.specs -mfpu=fpv4-sp-d16 -mfloat-abi=hard -mthumb -Wl,--start-group -lc -lm -Wl,--end-group
/Applications/STM32CubeIDE.app/Contents/Eclipse/plugins/com.st.stm32cube.ide.mcu.externaltools.gnu-tools-for-stm32.13.3.rel1.macos64_1.0.0.202411102158/tools/bin/../lib/gcc/arm-none-eabi/13.3.1/../../../../arm-none-eabi/bin/ld: ./Src/serial.o:/Users/haileythill-turke/Documents/GitHub/MTRX2700-Lab-2-Group-1/excersise_2/Debug/../Inc/serial.h:29: multiple definition of `buffer'; ./Src/main.o:/Users/haileythill-turke/Documents/GitHub/MTRX2700-Lab-2-Group-1/excersise_2/Debug/../Inc/serial.h:29: first defined here
collect2: error: ld returned 1 exit status
make: *** [makefile:63: excersise_2.elf] Error 1
"make -j7 all" terminated with exit code 2. Build might be incomplete.
16:25:36 **** Incremental Build of configuration Debug for project excersise_2 ****
make -j7 all 
arm-none-eabi-gcc "../Src/main.c" -mcpu=cortex-m4 -std=gnu11 -g3 -DDEBUG -DSTM32F303VCTx -DSTM32 -DSTM32F3 -DSTM32F3DISCOVERY -c -I../Inc -I"/Users/haileythill-turke/Documents/GitHub/MTRX2700-2025/stm32f303-definitions/Core/Inc" -O0 -ffunction-sections -fdata-sections -Wall -fstack-usage -fcyclomatic-complexity -MMD -MP -MF"Src/main.d" -MT"Src/main.o" --specs=nano.specs -mfpu=fpv4-sp-d16 -mfloat-abi=hard -mthumb -o "Src/main.o"
arm-none-eabi-gcc "../Src/serial.c" -mcpu=cortex-m4 -std=gnu11 -g3 -DDEBUG -DSTM32F303VCTx -DSTM32 -DSTM32F3 -DSTM32F3DISCOVERY -c -I../Inc -I"/Users/haileythill-turke/Documents/GitHub/MTRX2700-2025/stm32f303-definitions/Core/Inc" -O0 -ffunction-sections -fdata-sections -Wall -fstack-usage -fcyclomatic-complexity -MMD -MP -MF"Src/serial.d" -MT"Src/serial.o" --specs=nano.specs -mfpu=fpv4-sp-d16 -mfloat-abi=hard -mthumb -o "Src/serial.o"
../Src/main.c:28:2: warning: #warning "FPU is not initialized, but the project is compiling for an FPU. Please initialize the FPU before use." [-Wcpp]
   28 | #warning "FPU is not initialized, but the project is compiling for an FPU. Please initialize the FPU before use."
      |  ^~~~~~~
../Src/main.c: In function 'finished_transmission':
../Src/main.c:35:27: warning: unused variable 'test' [-Wunused-variable]
   35 |         volatile uint32_t test = 0;
      |                           ^~~~
../Src/main.c: In function 'main':
../Src/main.c:99:16: warning: unused variable 'completion_function' [-Wunused-variable]
   99 |         void (*completion_function)(uint8_t *, uint32_t) = &finished_transmission;
      |                ^~~~~~~~~~~~~~~~~~~
arm-none-eabi-gcc -o "excersise_2.elf" @"objects.list"   -mcpu=cortex-m4 -T"/Users/haileythill-turke/Documents/GitHub/MTRX2700-Lab-2-Group-1/excersise_2/STM32F303VCTX_FLASH.ld" --specs=nosys.specs -Wl,-Map="excersise_2.map" -Wl,--gc-sections -static --specs=nano.specs -mfpu=fpv4-sp-d16 -mfloat-abi=hard -mthumb -Wl,--start-group -lc -lm -Wl,--end-group
/Applications/STM32CubeIDE.app/Contents/Eclipse/plugins/com.st.stm32cube.ide.mcu.externaltools.gnu-tools-for-stm32.13.3.rel1.macos64_1.0.0.202411102158/tools/bin/../lib/gcc/arm-none-eabi/13.3.1/../../../../arm-none-eabi/bin/ld: ./Src/serial.o:/Users/haileythill-turke/Documents/GitHub/MTRX2700-Lab-2-Group-1/excersise_2/Debug/../Inc/serial.h:18: multiple definition of `buffer'; ./Src/main.o:/Users/haileythill-turke/Documents/GitHub/MTRX2700-Lab-2-Group-1/excersise_2/Debug/../Inc/serial.h:18: first defined here
collect2: error: ld returned 1 exit status
make: *** [makefile:63: excersise_2.elf] Error 1
"make -j7 all" terminated with exit code 2. Build might be incomplete.
16:28:43 **** Incremental Build of configuration Debug for project excersise_2 ****
make -j7 all 
arm-none-eabi-gcc "../Src/main.c" -mcpu=cortex-m4 -std=gnu11 -g3 -DDEBUG -DSTM32F303VCTx -DSTM32 -DSTM32F3 -DSTM32F3DISCOVERY -c -I../Inc -I"/Users/haileythill-turke/Documents/GitHub/MTRX2700-2025/stm32f303-definitions/Core/Inc" -O0 -ffunction-sections -fdata-sections -Wall -fstack-usage -fcyclomatic-complexity -MMD -MP -MF"Src/main.d" -MT"Src/main.o" --specs=nano.specs -mfpu=fpv4-sp-d16 -mfloat-abi=hard -mthumb -o "Src/main.o"
arm-none-eabi-gcc "../Src/serial.c" -mcpu=cortex-m4 -std=gnu11 -g3 -DDEBUG -DSTM32F303VCTx -DSTM32 -DSTM32F3 -DSTM32F3DISCOVERY -c -I../Inc -I"/Users/haileythill-turke/Documents/GitHub/MTRX2700-2025/stm32f303-definitions/Core/Inc" -O0 -ffunction-sections -fdata-sections -Wall -fstack-usage -fcyclomatic-complexity -MMD -MP -MF"Src/serial.d" -MT"Src/serial.o" --specs=nano.specs -mfpu=fpv4-sp-d16 -mfloat-abi=hard -mthumb -o "Src/serial.o"
../Src/main.c:28:2: warning: #warning "FPU is not initialized, but the project is compiling for an FPU. Please initialize the FPU before use." [-Wcpp]
   28 | #warning "FPU is not initialized, but the project is compiling for an FPU. Please initialize the FPU before use."
      |  ^~~~~~~
../Src/main.c:31:6: error: conflicting types for 'buffer'; have 'char[100]'
   31 | char buffer[100];
      |      ^~~~~~
In file included from ../Src/main.c:23:
../Inc/serial.h:18:16: note: previous declaration of 'buffer' with type 'uint8_t[100]' {aka 'unsigned char[100]'}
   18 | extern uint8_t buffer[100] ;
      |                ^~~~~~
../Src/main.c: In function 'finished_transmission':
../Src/main.c:36:27: warning: unused variable 'test' [-Wunused-variable]
   36 |         volatile uint32_t test = 0;
      |                           ^~~~
../Src/main.c: In function 'main':
../Src/main.c:100:16: warning: unused variable 'completion_function' [-Wunused-variable]
  100 |         void (*completion_function)(uint8_t *, uint32_t) = &finished_transmission;
      |                ^~~~~~~~~~~~~~~~~~~
make: *** [Src/subdir.mk:28: Src/main.o] Error 1
make: *** Waiting for unfinished jobs....
"make -j7 all" terminated with exit code 2. Build might be incomplete.
16:29:21 **** Incremental Build of configuration Debug for project excersise_2 ****
make -j7 all 
arm-none-eabi-gcc "../Src/main.c" -mcpu=cortex-m4 -std=gnu11 -g3 -DDEBUG -DSTM32F303VCTx -DSTM32 -DSTM32F3 -DSTM32F3DISCOVERY -c -I../Inc -I"/Users/haileythill-turke/Documents/GitHub/MTRX2700-2025/stm32f303-definitions/Core/Inc" -O0 -ffunction-sections -fdata-sections -Wall -fstack-usage -fcyclomatic-complexity -MMD -MP -MF"Src/main.d" -MT"Src/main.o" --specs=nano.specs -mfpu=fpv4-sp-d16 -mfloat-abi=hard -mthumb -o "Src/main.o"
arm-none-eabi-gcc "../Src/serial.c" -mcpu=cortex-m4 -std=gnu11 -g3 -DDEBUG -DSTM32F303VCTx -DSTM32 -DSTM32F3 -DSTM32F3DISCOVERY -c -I../Inc -I"/Users/haileythill-turke/Documents/GitHub/MTRX2700-2025/stm32f303-definitions/Core/Inc" -O0 -ffunction-sections -fdata-sections -Wall -fstack-usage -fcyclomatic-complexity -MMD -MP -MF"Src/serial.d" -MT"Src/serial.o" --specs=nano.specs -mfpu=fpv4-sp-d16 -mfloat-abi=hard -mthumb -o "Src/serial.o"
../Src/main.c:28:2: warning: #warning "FPU is not initialized, but the project is compiling for an FPU. Please initialize the FPU before use." [-Wcpp]
   28 | #warning "FPU is not initialized, but the project is compiling for an FPU. Please initialize the FPU before use."
      |  ^~~~~~~
../Src/main.c: In function 'finished_transmission':
../Src/main.c:36:27: warning: unused variable 'test' [-Wunused-variable]
   36 |         volatile uint32_t test = 0;
      |                           ^~~~
../Src/main.c: In function 'main':
../Src/main.c:100:16: warning: unused variable 'completion_function' [-Wunused-variable]
  100 |         void (*completion_function)(uint8_t *, uint32_t) = &finished_transmission;
      |                ^~~~~~~~~~~~~~~~~~~
arm-none-eabi-gcc -o "excersise_2.elf" @"objects.list"   -mcpu=cortex-m4 -T"/Users/haileythill-turke/Documents/GitHub/MTRX2700-Lab-2-Group-1/excersise_2/STM32F303VCTX_FLASH.ld" --specs=nosys.specs -Wl,-Map="excersise_2.map" -Wl,--gc-sections -static --specs=nano.specs -mfpu=fpv4-sp-d16 -mfloat-abi=hard -mthumb -Wl,--start-group -lc -lm -Wl,--end-group
Finished building target: excersise_2.elf
 
arm-none-eabi-size  excersise_2.elf 
arm-none-eabi-objdump -h -S excersise_2.elf  > "excersise_2.list"
   text	   data	    bss	    dec	    hex	filename
   1388	     40	   1672	   3100	    c1c	excersise_2.elf
Finished building: default.size.stdout
 
Finished building: excersise_2.list
 
16:48:27 **** Incremental Build of configuration Debug for project excersise_2 ****
make -j7 all 
arm-none-eabi-gcc "../Src/main.c" -mcpu=cortex-m4 -std=gnu11 -g3 -DDEBUG -DSTM32F303VCTx -DSTM32 -DSTM32F3 -DSTM32F3DISCOVERY -c -I../Inc -I"/Users/haileythill-turke/Documents/GitHub/MTRX2700-2025/stm32f303-definitions/Core/Inc" -O0 -ffunction-sections -fdata-sections -Wall -fstack-usage -fcyclomatic-complexity -MMD -MP -MF"Src/main.d" -MT"Src/main.o" --specs=nano.specs -mfpu=fpv4-sp-d16 -mfloat-abi=hard -mthumb -o "Src/main.o"
../Src/main.c:28:2: warning: #warning "FPU is not initialized, but the project is compiling for an FPU. Please initialize the FPU before use." [-Wcpp]
   28 | #warning "FPU is not initialized, but the project is compiling for an FPU. Please initialize the FPU before use."
      |  ^~~~~~~
../Src/main.c: In function 'finished_transmission':
../Src/main.c:36:27: warning: unused variable 'test' [-Wunused-variable]
   36 |         volatile uint32_t test = 0;
      |                           ^~~~
../Src/main.c: In function 'main':
../Src/main.c:100:16: warning: unused variable 'completion_function' [-Wunused-variable]
  100 |         void (*completion_function)(uint8_t *, uint32_t) = &finished_transmission;
      |                ^~~~~~~~~~~~~~~~~~~
arm-none-eabi-gcc -o "excersise_2.elf" @"objects.list"   -mcpu=cortex-m4 -T"/Users/haileythill-turke/Documents/GitHub/MTRX2700-Lab-2-Group-1/excersise_2/STM32F303VCTX_FLASH.ld" --specs=nosys.specs -Wl,-Map="excersise_2.map" -Wl,--gc-sections -static --specs=nano.specs -mfpu=fpv4-sp-d16 -mfloat-abi=hard -mthumb -Wl,--start-group -lc -lm -Wl,--end-group
Finished building target: excersise_2.elf
 
arm-none-eabi-size  excersise_2.elf 
arm-none-eabi-objdump -h -S excersise_2.elf  > "excersise_2.list"
   text	   data	    bss	    dec	    hex	filename
   1388	     40	   1672	   3100	    c1c	excersise_2.elf
Finished building: default.size.stdout
 
Finished building: excersise_2.list
 
16:49:44 **** Incremental Build of configuration Debug for project excersise_2 ****
make -j7 all 
arm-none-eabi-size  excersise_2.elf 
   text	   data	    bss	    dec	    hex	filename
   1388	     40	   1672	   3100	    c1c	excersise_2.elf
Finished building: default.size.stdout
 
16:50:30 **** Incremental Build of configuration Debug for project excersise_2 ****
make -j7 all 
arm-none-eabi-size  excersise_2.elf 
   text	   data	    bss	    dec	    hex	filename
   1388	     40	   1672	   3100	    c1c	excersise_2.elf
Finished building: default.size.stdout
 
16:57:53 **** Incremental Build of configuration Debug for project excersise_2 ****
make -j7 all 
arm-none-eabi-gcc "../Src/main.c" -mcpu=cortex-m4 -std=gnu11 -g3 -DDEBUG -DSTM32F303VCTx -DSTM32 -DSTM32F3 -DSTM32F3DISCOVERY -c -I../Inc -I"/Users/haileythill-turke/Documents/GitHub/MTRX2700-2025/stm32f303-definitions/Core/Inc" -O0 -ffunction-sections -fdata-sections -Wall -fstack-usage -fcyclomatic-complexity -MMD -MP -MF"Src/main.d" -MT"Src/main.o" --specs=nano.specs -mfpu=fpv4-sp-d16 -mfloat-abi=hard -mthumb -o "Src/main.o"
../Src/main.c:28:2: warning: #warning "FPU is not initialized, but the project is compiling for an FPU. Please initialize the FPU before use." [-Wcpp]
   28 | #warning "FPU is not initialized, but the project is compiling for an FPU. Please initialize the FPU before use."
      |  ^~~~~~~
../Src/main.c: In function 'finished_transmission':
../Src/main.c:36:27: warning: unused variable 'test' [-Wunused-variable]
   36 |         volatile uint32_t test = 0;
      |                           ^~~~
../Src/main.c: At top level:
../Src/main.c:46:40: error: unknown type name 'Serial_t'; did you mean 'SerialPort'?
   46 | void (*when_receiving_data)(uint8_t *, Serial_t *) = 0x00;
      |                                        ^~~~~~~~
      |                                        SerialPort
../Src/main.c: In function 'USART1_EXTI25_IRQHandler':
../Src/main.c:51:13: error: 'when_receiving_data' undeclared (first use in this function)
   51 |         if (when_receiving_data != 0x00) {
      |             ^~~~~~~~~~~~~~~~~~~
../Src/main.c:51:13: note: each undeclared identifier is reported only once for each function it appears in
../Src/main.c:52:17: warning: implicit declaration of function 'when_receiving_data' [-Wimplicit-function-declaration]
   52 |                 when_receiving_data(buffer, &USART1_PORT);
      |                 ^~~~~~~~~~~~~~~~~~~
../Src/main.c: In function 'main':
../Src/main.c:105:9: error: 'when_receiving_data' undeclared (first use in this function)
  105 |         when_receiving_data = &SerialInputString;
      |         ^~~~~~~~~~~~~~~~~~~
../Src/main.c:100:16: warning: unused variable 'completion_function' [-Wunused-variable]
  100 |         void (*completion_function)(uint8_t *, uint32_t) = &finished_transmission;
      |                ^~~~~~~~~~~~~~~~~~~
make: *** [Src/subdir.mk:28: Src/main.o] Error 1
"make -j7 all" terminated with exit code 2. Build might be incomplete.
16:58:30 **** Incremental Build of configuration Debug for project excersise_2 ****
make -j7 all 
arm-none-eabi-gcc "../Src/main.c" -mcpu=cortex-m4 -std=gnu11 -g3 -DDEBUG -DSTM32F303VCTx -DSTM32 -DSTM32F3 -DSTM32F3DISCOVERY -c -I../Inc -I"/Users/haileythill-turke/Documents/GitHub/MTRX2700-2025/stm32f303-definitions/Core/Inc" -O0 -ffunction-sections -fdata-sections -Wall -fstack-usage -fcyclomatic-complexity -MMD -MP -MF"Src/main.d" -MT"Src/main.o" --specs=nano.specs -mfpu=fpv4-sp-d16 -mfloat-abi=hard -mthumb -o "Src/main.o"
../Src/main.c:28:2: warning: #warning "FPU is not initialized, but the project is compiling for an FPU. Please initialize the FPU before use." [-Wcpp]
   28 | #warning "FPU is not initialized, but the project is compiling for an FPU. Please initialize the FPU before use."
      |  ^~~~~~~
../Src/main.c: In function 'finished_transmission':
../Src/main.c:36:27: warning: unused variable 'test' [-Wunused-variable]
   36 |         volatile uint32_t test = 0;
      |                           ^~~~
../Src/main.c: In function 'main':
../Src/main.c:100:16: warning: unused variable 'completion_function' [-Wunused-variable]
  100 |         void (*completion_function)(uint8_t *, uint32_t) = &finished_transmission;
      |                ^~~~~~~~~~~~~~~~~~~
arm-none-eabi-gcc -o "excersise_2.elf" @"objects.list"   -mcpu=cortex-m4 -T"/Users/haileythill-turke/Documents/GitHub/MTRX2700-Lab-2-Group-1/excersise_2/STM32F303VCTX_FLASH.ld" --specs=nosys.specs -Wl,-Map="excersise_2.map" -Wl,--gc-sections -static --specs=nano.specs -mfpu=fpv4-sp-d16 -mfloat-abi=hard -mthumb -Wl,--start-group -lc -lm -Wl,--end-group
Finished building target: excersise_2.elf
 
arm-none-eabi-size  excersise_2.elf 
arm-none-eabi-objdump -h -S excersise_2.elf  > "excersise_2.list"
   text	   data	    bss	    dec	    hex	filename
   1388	     40	   1672	   3100	    c1c	excersise_2.elf
Finished building: default.size.stdout
 
Finished building: excersise_2.list
 
16:59:55 **** Incremental Build of configuration Debug for project excersise_2 ****
make -j7 all 
arm-none-eabi-gcc "../Src/main.c" -mcpu=cortex-m4 -std=gnu11 -g3 -DDEBUG -DSTM32F303VCTx -DSTM32 -DSTM32F3 -DSTM32F3DISCOVERY -c -I../Inc -I"/Users/haileythill-turke/Documents/GitHub/MTRX2700-2025/stm32f303-definitions/Core/Inc" -O0 -ffunction-sections -fdata-sections -Wall -fstack-usage -fcyclomatic-complexity -MMD -MP -MF"Src/main.d" -MT"Src/main.o" --specs=nano.specs -mfpu=fpv4-sp-d16 -mfloat-abi=hard -mthumb -o "Src/main.o"
../Src/main.c:28:2: warning: #warning "FPU is not initialized, but the project is compiling for an FPU. Please initialize the FPU before use." [-Wcpp]
   28 | #warning "FPU is not initialized, but the project is compiling for an FPU. Please initialize the FPU before use."
      |  ^~~~~~~
../Src/main.c: In function 'finished_transmission':
../Src/main.c:36:27: warning: unused variable 'test' [-Wunused-variable]
   36 |         volatile uint32_t test = 0;
      |                           ^~~~
../Src/main.c: In function 'main':
../Src/main.c:100:16: warning: unused variable 'completion_function' [-Wunused-variable]
  100 |         void (*completion_function)(uint8_t *, uint32_t) = &finished_transmission;
      |                ^~~~~~~~~~~~~~~~~~~
arm-none-eabi-gcc -o "excersise_2.elf" @"objects.list"   -mcpu=cortex-m4 -T"/Users/haileythill-turke/Documents/GitHub/MTRX2700-Lab-2-Group-1/excersise_2/STM32F303VCTX_FLASH.ld" --specs=nosys.specs -Wl,-Map="excersise_2.map" -Wl,--gc-sections -static --specs=nano.specs -mfpu=fpv4-sp-d16 -mfloat-abi=hard -mthumb -Wl,--start-group -lc -lm -Wl,--end-group
Finished building target: excersise_2.elf
 
arm-none-eabi-size  excersise_2.elf 
arm-none-eabi-objdump -h -S excersise_2.elf  > "excersise_2.list"
   text	   data	    bss	    dec	    hex	filename
   1332	     40	   1568	   2940	    b7c	excersise_2.elf
Finished building: default.size.stdout
 
Finished building: excersise_2.list
 
17:05:13 **** Incremental Build of configuration Debug for project excersise_2 ****
make -j7 all 
arm-none-eabi-gcc "../Src/main.c" -mcpu=cortex-m4 -std=gnu11 -g3 -DDEBUG -DSTM32F303VCTx -DSTM32 -DSTM32F3 -DSTM32F3DISCOVERY -c -I../Inc -I"/Users/haileythill-turke/Documents/GitHub/MTRX2700-2025/stm32f303-definitions/Core/Inc" -O0 -ffunction-sections -fdata-sections -Wall -fstack-usage -fcyclomatic-complexity -MMD -MP -MF"Src/main.d" -MT"Src/main.o" --specs=nano.specs -mfpu=fpv4-sp-d16 -mfloat-abi=hard -mthumb -o "Src/main.o"
../Src/main.c:28:2: warning: #warning "FPU is not initialized, but the project is compiling for an FPU. Please initialize the FPU before use." [-Wcpp]
   28 | #warning "FPU is not initialized, but the project is compiling for an FPU. Please initialize the FPU before use."
      |  ^~~~~~~
../Src/main.c: In function 'finished_transmission':
../Src/main.c:36:27: warning: unused variable 'test' [-Wunused-variable]
   36 |         volatile uint32_t test = 0;
      |                           ^~~~
../Src/main.c: In function 'main':
../Src/main.c:100:16: warning: unused variable 'completion_function' [-Wunused-variable]
  100 |         void (*completion_function)(uint8_t *, uint32_t) = &finished_transmission;
      |                ^~~~~~~~~~~~~~~~~~~
arm-none-eabi-gcc -o "excersise_2.elf" @"objects.list"   -mcpu=cortex-m4 -T"/Users/haileythill-turke/Documents/GitHub/MTRX2700-Lab-2-Group-1/excersise_2/STM32F303VCTX_FLASH.ld" --specs=nosys.specs -Wl,-Map="excersise_2.map" -Wl,--gc-sections -static --specs=nano.specs -mfpu=fpv4-sp-d16 -mfloat-abi=hard -mthumb -Wl,--start-group -lc -lm -Wl,--end-group
Finished building target: excersise_2.elf
 
arm-none-eabi-size  excersise_2.elf 
arm-none-eabi-objdump -h -S excersise_2.elf  > "excersise_2.list"
   text	   data	    bss	    dec	    hex	filename
   1332	     40	   1568	   2940	    b7c	excersise_2.elf
Finished building: default.size.stdout
 
Finished building: excersise_2.list
 
17:15:27 **** Incremental Build of configuration Debug for project excersise_2 ****
make -j7 all 
arm-none-eabi-gcc "../Src/main.c" -mcpu=cortex-m4 -std=gnu11 -g3 -DDEBUG -DSTM32F303VCTx -DSTM32 -DSTM32F3 -DSTM32F3DISCOVERY -c -I../Inc -I"/Users/haileythill-turke/Documents/GitHub/MTRX2700-2025/stm32f303-definitions/Core/Inc" -O0 -ffunction-sections -fdata-sections -Wall -fstack-usage -fcyclomatic-complexity -MMD -MP -MF"Src/main.d" -MT"Src/main.o" --specs=nano.specs -mfpu=fpv4-sp-d16 -mfloat-abi=hard -mthumb -o "Src/main.o"
arm-none-eabi-gcc "../Src/serial.c" -mcpu=cortex-m4 -std=gnu11 -g3 -DDEBUG -DSTM32F303VCTx -DSTM32 -DSTM32F3 -DSTM32F3DISCOVERY -c -I../Inc -I"/Users/haileythill-turke/Documents/GitHub/MTRX2700-2025/stm32f303-definitions/Core/Inc" -O0 -ffunction-sections -fdata-sections -Wall -fstack-usage -fcyclomatic-complexity -MMD -MP -MF"Src/serial.d" -MT"Src/serial.o" --specs=nano.specs -mfpu=fpv4-sp-d16 -mfloat-abi=hard -mthumb -o "Src/serial.o"
../Src/main.c:28:2: warning: #warning "FPU is not initialized, but the project is compiling for an FPU. Please initialize the FPU before use." [-Wcpp]
   28 | #warning "FPU is not initialized, but the project is compiling for an FPU. Please initialize the FPU before use."
      |  ^~~~~~~
../Src/main.c: In function 'finished_transmission':
../Src/main.c:36:27: warning: unused variable 'test' [-Wunused-variable]
   36 |         volatile uint32_t test = 0;
      |                           ^~~~
../Src/main.c: In function 'main':
../Src/main.c:100:16: warning: unused variable 'completion_function' [-Wunused-variable]
  100 |         void (*completion_function)(uint8_t *, uint32_t) = &finished_transmission;
      |                ^~~~~~~~~~~~~~~~~~~
arm-none-eabi-gcc -o "excersise_2.elf" @"objects.list"   -mcpu=cortex-m4 -T"/Users/haileythill-turke/Documents/GitHub/MTRX2700-Lab-2-Group-1/excersise_2/STM32F303VCTX_FLASH.ld" --specs=nosys.specs -Wl,-Map="excersise_2.map" -Wl,--gc-sections -static --specs=nano.specs -mfpu=fpv4-sp-d16 -mfloat-abi=hard -mthumb -Wl,--start-group -lc -lm -Wl,--end-group
Finished building target: excersise_2.elf
 
arm-none-eabi-size  excersise_2.elf 
arm-none-eabi-objdump -h -S excersise_2.elf  > "excersise_2.list"
   text	   data	    bss	    dec	    hex	filename
   1388	     40	   1672	   3100	    c1c	excersise_2.elf
Finished building: default.size.stdout
 
Finished building: excersise_2.list
 
17:16:25 **** Incremental Build of configuration Debug for project excersise_2 ****
make -j7 all 
arm-none-eabi-size  excersise_2.elf 
   text	   data	    bss	    dec	    hex	filename
   1388	     40	   1672	   3100	    c1c	excersise_2.elf
Finished building: default.size.stdout
 
17:20:54 **** Incremental Build of configuration Debug for project excersise_2 ****
make -j7 all 
arm-none-eabi-gcc "../Src/main.c" -mcpu=cortex-m4 -std=gnu11 -g3 -DDEBUG -DSTM32F303VCTx -DSTM32 -DSTM32F3 -DSTM32F3DISCOVERY -c -I../Inc -I"/Users/haileythill-turke/Documents/GitHub/MTRX2700-2025/stm32f303-definitions/Core/Inc" -O0 -ffunction-sections -fdata-sections -Wall -fstack-usage -fcyclomatic-complexity -MMD -MP -MF"Src/main.d" -MT"Src/main.o" --specs=nano.specs -mfpu=fpv4-sp-d16 -mfloat-abi=hard -mthumb -o "Src/main.o"
arm-none-eabi-gcc "../Src/serial.c" -mcpu=cortex-m4 -std=gnu11 -g3 -DDEBUG -DSTM32F303VCTx -DSTM32 -DSTM32F3 -DSTM32F3DISCOVERY -c -I../Inc -I"/Users/haileythill-turke/Documents/GitHub/MTRX2700-2025/stm32f303-definitions/Core/Inc" -O0 -ffunction-sections -fdata-sections -Wall -fstack-usage -fcyclomatic-complexity -MMD -MP -MF"Src/serial.d" -MT"Src/serial.o" --specs=nano.specs -mfpu=fpv4-sp-d16 -mfloat-abi=hard -mthumb -o "Src/serial.o"
../Src/main.c:28:2: warning: #warning "FPU is not initialized, but the project is compiling for an FPU. Please initialize the FPU before use." [-Wcpp]
   28 | #warning "FPU is not initialized, but the project is compiling for an FPU. Please initialize the FPU before use."
      |  ^~~~~~~
../Src/main.c: In function 'finished_transmission':
../Src/main.c:36:27: warning: unused variable 'test' [-Wunused-variable]
   36 |         volatile uint32_t test = 0;
      |                           ^~~~
../Src/main.c: In function 'main':
../Src/main.c:100:16: warning: unused variable 'completion_function' [-Wunused-variable]
  100 |         void (*completion_function)(uint8_t *, uint32_t) = &finished_transmission;
      |                ^~~~~~~~~~~~~~~~~~~
arm-none-eabi-gcc -o "excersise_2.elf" @"objects.list"   -mcpu=cortex-m4 -T"/Users/haileythill-turke/Documents/GitHub/MTRX2700-Lab-2-Group-1/excersise_2/STM32F303VCTX_FLASH.ld" --specs=nosys.specs -Wl,-Map="excersise_2.map" -Wl,--gc-sections -static --specs=nano.specs -mfpu=fpv4-sp-d16 -mfloat-abi=hard -mthumb -Wl,--start-group -lc -lm -Wl,--end-group
Finished building target: excersise_2.elf
 
arm-none-eabi-size  excersise_2.elf 
arm-none-eabi-objdump -h -S excersise_2.elf  > "excersise_2.list"
   text	   data	    bss	    dec	    hex	filename
   1388	     40	   1672	   3100	    c1c	excersise_2.elf
Finished building: default.size.stdout
 
Finished building: excersise_2.list
 
17:21:48 **** Incremental Build of configuration Debug for project excersise_2 ****
make -j7 all 
arm-none-eabi-gcc "../Src/serial.c" -mcpu=cortex-m4 -std=gnu11 -g3 -DDEBUG -DSTM32F303VCTx -DSTM32 -DSTM32F3 -DSTM32F3DISCOVERY -c -I../Inc -I"/Users/haileythill-turke/Documents/GitHub/MTRX2700-2025/stm32f303-definitions/Core/Inc" -O0 -ffunction-sections -fdata-sections -Wall -fstack-usage -fcyclomatic-complexity -MMD -MP -MF"Src/serial.d" -MT"Src/serial.o" --specs=nano.specs -mfpu=fpv4-sp-d16 -mfloat-abi=hard -mthumb -o "Src/serial.o"
arm-none-eabi-gcc -o "excersise_2.elf" @"objects.list"   -mcpu=cortex-m4 -T"/Users/haileythill-turke/Documents/GitHub/MTRX2700-Lab-2-Group-1/excersise_2/STM32F303VCTX_FLASH.ld" --specs=nosys.specs -Wl,-Map="excersise_2.map" -Wl,--gc-sections -static --specs=nano.specs -mfpu=fpv4-sp-d16 -mfloat-abi=hard -mthumb -Wl,--start-group -lc -lm -Wl,--end-group
Finished building target: excersise_2.elf
 
arm-none-eabi-size  excersise_2.elf 
arm-none-eabi-objdump -h -S excersise_2.elf  > "excersise_2.list"
   text	   data	    bss	    dec	    hex	filename
   1388	     40	   1672	   3100	    c1c	excersise_2.elf
Finished building: default.size.stdout
 
Finished building: excersise_2.list
 
17:24:05 **** Incremental Build of configuration Debug for project excersise_2 ****
make -j7 all 
arm-none-eabi-gcc "../Src/main.c" -mcpu=cortex-m4 -std=gnu11 -g3 -DDEBUG -DSTM32F303VCTx -DSTM32 -DSTM32F3 -DSTM32F3DISCOVERY -c -I../Inc -I"/Users/haileythill-turke/Documents/GitHub/MTRX2700-2025/stm32f303-definitions/Core/Inc" -O0 -ffunction-sections -fdata-sections -Wall -fstack-usage -fcyclomatic-complexity -MMD -MP -MF"Src/main.d" -MT"Src/main.o" --specs=nano.specs -mfpu=fpv4-sp-d16 -mfloat-abi=hard -mthumb -o "Src/main.o"
arm-none-eabi-gcc "../Src/serial.c" -mcpu=cortex-m4 -std=gnu11 -g3 -DDEBUG -DSTM32F303VCTx -DSTM32 -DSTM32F3 -DSTM32F3DISCOVERY -c -I../Inc -I"/Users/haileythill-turke/Documents/GitHub/MTRX2700-2025/stm32f303-definitions/Core/Inc" -O0 -ffunction-sections -fdata-sections -Wall -fstack-usage -fcyclomatic-complexity -MMD -MP -MF"Src/serial.d" -MT"Src/serial.o" --specs=nano.specs -mfpu=fpv4-sp-d16 -mfloat-abi=hard -mthumb -o "Src/serial.o"
../Src/main.c:28:2: warning: #warning "FPU is not initialized, but the project is compiling for an FPU. Please initialize the FPU before use." [-Wcpp]
   28 | #warning "FPU is not initialized, but the project is compiling for an FPU. Please initialize the FPU before use."
      |  ^~~~~~~
../Src/main.c: In function 'finished_transmission':
../Src/main.c:36:27: warning: unused variable 'test' [-Wunused-variable]
   36 |         volatile uint32_t test = 0;
      |                           ^~~~
../Src/main.c: In function 'USART1_EXTI25_IRQHandler':
../Src/main.c:57:24: error: 'USART_ICR_RXNECF' undeclared (first use in this function); did you mean 'USART_ICR_ORECF'?
   57 |         USART1->ICR |= USART_ICR_RXNECF;
      |                        ^~~~~~~~~~~~~~~~
      |                        USART_ICR_ORECF
../Src/main.c:57:24: note: each undeclared identifier is reported only once for each function it appears in
../Src/main.c: In function 'main':
../Src/main.c:101:16: warning: unused variable 'completion_function' [-Wunused-variable]
  101 |         void (*completion_function)(uint8_t *, uint32_t) = &finished_transmission;
      |                ^~~~~~~~~~~~~~~~~~~
make: *** [Src/subdir.mk:28: Src/main.o] Error 1
make: *** Waiting for unfinished jobs....
"make -j7 all" terminated with exit code 2. Build might be incomplete.
17:31:05 **** Incremental Build of configuration Debug for project excersise_2 ****
make -j7 all 
arm-none-eabi-gcc "../Src/main.c" -mcpu=cortex-m4 -std=gnu11 -g3 -DDEBUG -DSTM32F303VCTx -DSTM32 -DSTM32F3 -DSTM32F3DISCOVERY -c -I../Inc -I"/Users/haileythill-turke/Documents/GitHub/MTRX2700-2025/stm32f303-definitions/Core/Inc" -O0 -ffunction-sections -fdata-sections -Wall -fstack-usage -fcyclomatic-complexity -MMD -MP -MF"Src/main.d" -MT"Src/main.o" --specs=nano.specs -mfpu=fpv4-sp-d16 -mfloat-abi=hard -mthumb -o "Src/main.o"
../Src/main.c:28:2: warning: #warning "FPU is not initialized, but the project is compiling for an FPU. Please initialize the FPU before use." [-Wcpp]
   28 | #warning "FPU is not initialized, but the project is compiling for an FPU. Please initialize the FPU before use."
      |  ^~~~~~~
../Src/main.c: In function 'finished_transmission':
../Src/main.c:36:27: warning: unused variable 'test' [-Wunused-variable]
   36 |         volatile uint32_t test = 0;
      |                           ^~~~
../Src/main.c: In function 'main':
../Src/main.c:100:16: warning: unused variable 'completion_function' [-Wunused-variable]
  100 |         void (*completion_function)(uint8_t *, uint32_t) = &finished_transmission;
      |                ^~~~~~~~~~~~~~~~~~~
arm-none-eabi-gcc -o "excersise_2.elf" @"objects.list"   -mcpu=cortex-m4 -T"/Users/haileythill-turke/Documents/GitHub/MTRX2700-Lab-2-Group-1/excersise_2/STM32F303VCTX_FLASH.ld" --specs=nosys.specs -Wl,-Map="excersise_2.map" -Wl,--gc-sections -static --specs=nano.specs -mfpu=fpv4-sp-d16 -mfloat-abi=hard -mthumb -Wl,--start-group -lc -lm -Wl,--end-group
Finished building target: excersise_2.elf
 
arm-none-eabi-size  excersise_2.elf 
arm-none-eabi-objdump -h -S excersise_2.elf  > "excersise_2.list"
   text	   data	    bss	    dec	    hex	filename
   1388	     40	   1672	   3100	    c1c	excersise_2.elf
Finished building: default.size.stdout
 
Finished building: excersise_2.list
 
17:37:49 **** Incremental Build of configuration Debug for project excersise_2 ****
make -j7 all 
arm-none-eabi-gcc "../Src/main.c" -mcpu=cortex-m4 -std=gnu11 -g3 -DDEBUG -DSTM32F303VCTx -DSTM32 -DSTM32F3 -DSTM32F3DISCOVERY -c -I../Inc -I"/Users/haileythill-turke/Documents/GitHub/MTRX2700-2025/stm32f303-definitions/Core/Inc" -O0 -ffunction-sections -fdata-sections -Wall -fstack-usage -fcyclomatic-complexity -MMD -MP -MF"Src/main.d" -MT"Src/main.o" --specs=nano.specs -mfpu=fpv4-sp-d16 -mfloat-abi=hard -mthumb -o "Src/main.o"
../Src/main.c:28:2: warning: #warning "FPU is not initialized, but the project is compiling for an FPU. Please initialize the FPU before use." [-Wcpp]
   28 | #warning "FPU is not initialized, but the project is compiling for an FPU. Please initialize the FPU before use."
      |  ^~~~~~~
../Src/main.c: In function 'finished_transmission':
../Src/main.c:36:27: warning: unused variable 'test' [-Wunused-variable]
   36 |         volatile uint32_t test = 0;
      |                           ^~~~
../Src/main.c: In function 'USART1_EXTI25_IRQHandler':
../Src/main.c:56:9: error: 'USART1_PORT' has an incomplete type 'SerialPort' {aka 'struct _SerialPort'}
[...]
   36 | uint8_t *send_data = "send it!!";
      |                      ^~~~~~~~~~~
../Src/serial.c: In function 'InputLogic':
../Src/main.c: In function 'main':
../Src/serial.c:233:31: warning: statement with no effect [-Wunused-value]
  233 |                 still_reading == 1;                     //let's program know it's currently reading from one buffer
      |                 ~~~~~~~~~~~~~~^~~~
../Src/main.c:127:53: warning: passing argument 3 of 'SerialInitialise' from incompatible pointer type [-Wincompatible-pointer-types]
  127 |         SerialInitialise(BAUD_115200, &USART1_PORT, &ParseInput);
      |                                                     ^~~~~~~~~~~
      |                                                     |
      |                                                     void (*)(uint8_t *, uint8_t) {aka void (*)(unsigned char *, unsigned char)}
../Src/serial.c:237:31: warning: statement with no effect [-Wunused-value]
  237 |                 still_reading == 0;                     //lets program know it's done reading from that buffer
      |                 ~~~~~~~~~~~~~~^~~~
In file included from ../Src/main.c:23:
../Inc/serial.h:45:74: note: expected 'void (*)(uint8_t *, uint32_t)' {aka 'void (*)(unsigned char *, long unsigned int)'} but argument is of type 'void (*)(uint8_t *, uint8_t)' {aka 'void (*)(unsigned char *, unsigned char)'}
   45 | void SerialInitialise(uint32_t baudRate, SerialPort *serial_port, void (*completion_function)(uint8_t *, uint32_t) );
      |                                                                   ~~~~~~~^~~~~~~~~~~~~~~~~~~~~~~~~~~~~~~~~~~~~~~~~
../Src/main.c:108:17: warning: unused variable 'terminating' [-Wunused-variable]
  108 |         uint8_t terminating = '#';
      |                 ^~~~~~~~~~~
../Src/serial.c: In function 'ParseInput':
../Src/serial.c:263:28: warning: pointer targets in passing argument 1 of 'SerialOutputString' differ in signedness [-Wpointer-sign]
  263 |         SerialOutputString("Invalid command format\r\n", &USART1_PORT);
      |                            ^~~~~~~~~~~~~~~~~~~~~~~~~~~~
      |                            |
      |                            char *
../Src/serial.c:139:34: note: expected 'uint8_t *' {aka 'unsigned char *'} but argument is of type 'char *'
  139 | void SerialOutputString(uint8_t *pt, SerialPort *serial_port) {
      |                         ~~~~~~~~~^~
../Src/serial.c:284:18: warning: implicit declaration of function 'sscanf' [-Wimplicit-function-declaration]
  284 |     int parsed = sscanf((char *)input, "%19s %79[^\r\n]", command, operand);
      |                  ^~~~~~
../Src/serial.c:4:1: note: include '<stdio.h>' or provide a declaration of 'sscanf'
    3 | #include "stm32f303xc.h"
  +++ |+#include <stdio.h>
    4 | 
../Src/serial.c:284:18: warning: incompatible implicit declaration of built-in function 'sscanf' [-Wbuiltin-declaration-mismatch]
  284 |     int parsed = sscanf((char *)input, "%19s %79[^\r\n]", command, operand);
      |                  ^~~~~~
../Src/serial.c:284:18: note: include '<stdio.h>' or provide a declaration of 'sscanf'
../Src/serial.c:289:28: warning: pointer targets in passing argument 1 of 'SerialOutputString' differ in signedness [-Wpointer-sign]
  289 |         SerialOutputString("Invalid command format\r\n", &USART1_PORT);
      |                            ^~~~~~~~~~~~~~~~~~~~~~~~~~~~
      |                            |
      |                            char *
../Src/serial.c:139:34: note: expected 'uint8_t *' {aka 'unsigned char *'} but argument is of type 'char *'
  139 | void SerialOutputString(uint8_t *pt, SerialPort *serial_port) {
      |                         ~~~~~~~~~^~
../Src/serial.c:295:38: warning: implicit declaration of function 'strtol'; did you mean 'strtok'? [-Wimplicit-function-declaration]
  295 |         uint8_t led_value = (uint8_t)strtol(operand, NULL, 2);
      |                                      ^~~~~~
      |                                      strtok
../Src/serial.c:297:9: warning: implicit declaration of function 'set_led_state' [-Wimplicit-function-declaration]
  297 |         set_led_state(led_value); //LED DISPLAY FUNCTION
      |         ^~~~~~~~~~~~~
../Src/serial.c:301:28: warning: pointer targets in passing argument 1 of 'SerialOutputString' differ in signedness [-Wpointer-sign]
  301 |         SerialOutputString(operand, &USART1_PORT);
      |                            ^~~~~~~
      |                            |
      |                            char *
../Src/serial.c:139:34: note: expected 'uint8_t *' {aka 'unsigned char *'} but argument is of type 'char *'
  139 | void SerialOutputString(uint8_t *pt, SerialPort *serial_port) {
      |                         ~~~~~~~~~^~
../Src/serial.c:302:28: warning: pointer targets in passing argument 1 of 'SerialOutputString' differ in signedness [-Wpointer-sign]
  302 |         SerialOutputString("\r\n", &USART1_PORT);
      |                            ^~~~~~
      |                            |
      |                            char *
../Src/serial.c:139:34: note: expected 'uint8_t *' {aka 'unsigned char *'} but argument is of type 'char *'
  139 | void SerialOutputString(uint8_t *pt, SerialPort *serial_port) {
      |                         ~~~~~~~~~^~
arm-none-eabi-gcc -o "excersise_2.elf" @"objects.list"   -mcpu=cortex-m4 -T"/Users/haileythill-turke/Documents/GitHub/MTRX2700-Lab-2-Group-1/excersise_2/STM32F303VCTX_FLASH.ld" --specs=nosys.specs -Wl,-Map="excersise_2.map" -Wl,--gc-sections -static --specs=nano.specs -mfpu=fpv4-sp-d16 -mfloat-abi=hard -mthumb -Wl,--start-group -lc -lm -Wl,--end-group
/Applications/STM32CubeIDE.app/Contents/Eclipse/plugins/com.st.stm32cube.ide.mcu.externaltools.gnu-tools-for-stm32.13.3.rel1.macos64_1.0.0.202411102158/tools/bin/../lib/gcc/arm-none-eabi/13.3.1/../../../../arm-none-eabi/bin/ld: ./Src/serial.o: in function `ParseInput':
/Users/haileythill-turke/Documents/GitHub/MTRX2700-Lab-2-Group-1/excersise_2/Debug/../Src/serial.c:297:(.text.ParseInput+0xfe): undefined reference to `set_led_state'
collect2: error: ld returned 1 exit status
make: *** [makefile:63: excersise_2.elf] Error 1
"make -j7 all" terminated with exit code 2. Build might be incomplete.
11:22:45 **** Incremental Build of configuration Debug for project excersise_2 ****
make -j7 all 
arm-none-eabi-gcc "../Src/serial.c" -mcpu=cortex-m4 -std=gnu11 -g3 -DDEBUG -DSTM32F303VCTx -DSTM32 -DSTM32F3 -DSTM32F3DISCOVERY -c -I../Inc -I"/Users/haileythill-turke/Documents/GitHub/MTRX2700-2025/stm32f303-definitions/Core/Inc" -O0 -ffunction-sections -fdata-sections -Wall -fstack-usage -fcyclomatic-complexity -MMD -MP -MF"Src/serial.d" -MT"Src/serial.o" --specs=nano.specs -mfpu=fpv4-sp-d16 -mfloat-abi=hard -mthumb -o "Src/serial.o"
../Src/serial.c:36:22: warning: pointer targets in initialization of 'uint8_t *' {aka 'unsigned char *'} from 'char *' differ in signedness [-Wpointer-sign]
   36 | uint8_t *send_data = "send it!!";
      |                      ^~~~~~~~~~~
../Src/serial.c: In function 'InputLogic':
../Src/serial.c:233:31: warning: statement with no effect [-Wunused-value]
  233 |                 still_reading == 1;                     //let's program know it's currently reading from one buffer
      |                 ~~~~~~~~~~~~~~^~~~
../Src/serial.c:237:31: warning: statement with no effect [-Wunused-value]
  237 |                 still_reading == 0;                     //lets program know it's done reading from that buffer
      |                 ~~~~~~~~~~~~~~^~~~
../Src/serial.c: In function 'ParseInput':
../Src/serial.c:263:28: warning: pointer targets in passing argument 1 of 'SerialOutputString' differ in signedness [-Wpointer-sign]
  263 |         SerialOutputString("Invalid command format\r\n", &USART1_PORT);
      |                            ^~~~~~~~~~~~~~~~~~~~~~~~~~~~
      |                            |
      |                            char *
../Src/serial.c:139:34: note: expected 'uint8_t *' {aka 'unsigned char *'} but argument is of type 'char *'
  139 | void SerialOutputString(uint8_t *pt, SerialPort *serial_port) {
      |                         ~~~~~~~~~^~
../Src/serial.c:284:18: warning: implicit declaration of function 'sscanf' [-Wimplicit-function-declaration]
  284 |     int parsed = sscanf((char *)input, "%19s %79[^\r\n]", command, operand);
      |                  ^~~~~~
../Src/serial.c:4:1: note: include '<stdio.h>' or provide a declaration of 'sscanf'
    3 | #include "stm32f303xc.h"
  +++ |+#include <stdio.h>
    4 | 
../Src/serial.c:284:18: warning: incompatible implicit declaration of built-in function 'sscanf' [-Wbuiltin-declaration-mismatch]
  284 |     int parsed = sscanf((char *)input, "%19s %79[^\r\n]", command, operand);
      |                  ^~~~~~
../Src/serial.c:284:18: note: include '<stdio.h>' or provide a declaration of 'sscanf'
../Src/serial.c:289:28: warning: pointer targets in passing argument 1 of 'SerialOutputString' differ in signedness [-Wpointer-sign]
  289 |         SerialOutputString("Invalid command format\r\n", &USART1_PORT);
      |                            ^~~~~~~~~~~~~~~~~~~~~~~~~~~~
      |                            |
      |                            char *
../Src/serial.c:139:34: note: expected 'uint8_t *' {aka 'unsigned char *'} but argument is of type 'char *'
  139 | void SerialOutputString(uint8_t *pt, SerialPort *serial_port) {
      |                         ~~~~~~~~~^~
../Src/serial.c:301:28: warning: pointer targets in passing argument 1 of 'SerialOutputString' differ in signedness [-Wpointer-sign]
  301 |         SerialOutputString(operand, &USART1_PORT);
      |                            ^~~~~~~
      |                            |
      |                            char *
../Src/serial.c:139:34: note: expected 'uint8_t *' {aka 'unsigned char *'} but argument is of type 'char *'
  139 | void SerialOutputString(uint8_t *pt, SerialPort *serial_port) {
      |                         ~~~~~~~~~^~
../Src/serial.c:302:28: warning: pointer targets in passing argument 1 of 'SerialOutputString' differ in signedness [-Wpointer-sign]
  302 |         SerialOutputString("\r\n", &USART1_PORT);
      |                            ^~~~~~
      |                            |
      |                            char *
../Src/serial.c:139:34: note: expected 'uint8_t *' {aka 'unsigned char *'} but argument is of type 'char *'
  139 | void SerialOutputString(uint8_t *pt, SerialPort *serial_port) {
      |                         ~~~~~~~~~^~
arm-none-eabi-gcc -o "excersise_2.elf" @"objects.list"   -mcpu=cortex-m4 -T"/Users/haileythill-turke/Documents/GitHub/MTRX2700-Lab-2-Group-1/excersise_2/STM32F303VCTX_FLASH.ld" --specs=nosys.specs -Wl,-Map="excersise_2.map" -Wl,--gc-sections -static --specs=nano.specs -mfpu=fpv4-sp-d16 -mfloat-abi=hard -mthumb -Wl,--start-group -lc -lm -Wl,--end-group
Finished building target: excersise_2.elf
 
arm-none-eabi-size  excersise_2.elf 
arm-none-eabi-objdump -h -S excersise_2.elf  > "excersise_2.list"
   text	   data	    bss	    dec	    hex	filename
   5440	    120	   2072	   7632	   1dd0	excersise_2.elf
Finished building: default.size.stdout
 
Finished building: excersise_2.list
 
11:24:01 **** Incremental Build of configuration Debug for project excersise_2 ****
make -j7 all 
arm-none-eabi-size  excersise_2.elf 
   text	   data	    bss	    dec	    hex	filename
   5440	    120	   2072	   7632	   1dd0	excersise_2.elf
Finished building: default.size.stdout
 
11:27:58 **** Incremental Build of configuration Debug for project excersise_2 ****
make -j7 all 
arm-none-eabi-gcc "../Src/main.c" -mcpu=cortex-m4 -std=gnu11 -g3 -DDEBUG -DSTM32F303VCTx -DSTM32 -DSTM32F3 -DSTM32F3DISCOVERY -c -I../Inc -I"/Users/haileythill-turke/Documents/GitHub/MTRX2700-2025/stm32f303-definitions/Core/Inc" -O0 -ffunction-sections -fdata-sections -Wall -fstack-usage -fcyclomatic-complexity -MMD -MP -MF"Src/main.d" -MT"Src/main.o" --specs=nano.specs -mfpu=fpv4-sp-d16 -mfloat-abi=hard -mthumb -o "Src/main.o"
arm-none-eabi-gcc "../Src/serial.c" -mcpu=cortex-m4 -std=gnu11 -g3 -DDEBUG -DSTM32F303VCTx -DSTM32 -DSTM32F3 -DSTM32F3DISCOVERY -c -I../Inc -I"/Users/haileythill-turke/Documents/GitHub/MTRX2700-2025/stm32f303-definitions/Core/Inc" -O0 -ffunction-sections -fdata-sections -Wall -fstack-usage -fcyclomatic-complexity -MMD -MP -MF"Src/serial.d" -MT"Src/serial.o" --specs=nano.specs -mfpu=fpv4-sp-d16 -mfloat-abi=hard -mthumb -o "Src/serial.o"
../Src/main.c:28:2: warning: #warning "FPU is not initialized, but the project is compiling for an FPU. Please initialize the FPU before use." [-Wcpp]
   28 | #warning "FPU is not initialized, but the project is compiling for an FPU. Please initialize the FPU before use."
      |  ^~~~~~~
../Src/serial.c:36:22: warning: pointer targets in initialization of 'uint8_t *' {aka 'unsigned char *'} from 'char *' differ in signedness [-Wpointer-sign]
   36 | uint8_t *send_data = "send it!!";
      |                      ^~~~~~~~~~~
../Src/main.c: In function 'main':
../Src/serial.c: In function 'InputLogic':
../Src/main.c:109:28: error: 'send' undeclared (first use in this function)
  109 |         SerialOutputString(send, &USART1_PORT);                                 //transmit string
      |                            ^~~~
../Src/main.c:109:28: note: each undeclared identifier is reported only once for each function it appears in
../Src/serial.c:234:31: warning: statement with no effect [-Wunused-value]
  234 |                 still_reading == 1;                     //let's program know it's currently reading from one buffer
      |                 ~~~~~~~~~~~~~~^~~~
../Src/main.c:108:17: warning: unused variable 'terminating' [-Wunused-variable]
  108 |         uint8_t terminating = '#';
      |                 ^~~~~~~~~~~
../Src/serial.c:238:31: warning: statement with no effect [-Wunused-value]
  238 |                 still_reading == 0;                     //lets program know it's done reading from that buffer
      |                 ~~~~~~~~~~~~~~^~~~
../Src/serial.c: In function 'ParseInput':
../Src/serial.c:264:28: warning: pointer targets in passing argument 1 of 'SerialOutputString' differ in signedness [-Wpointer-sign]
  264 |         SerialOutputString("Invalid command format\r\n", &USART1_PORT);
      |                            ^~~~~~~~~~~~~~~~~~~~~~~~~~~~
      |                            |
      |                            char *
../Src/serial.c:139:34: note: expected 'uint8_t *' {aka 'unsigned char *'} but argument is of type 'char *'
  139 | void SerialOutputString(uint8_t *pt, SerialPort *serial_port) {
      |                         ~~~~~~~~~^~
../Src/serial.c:293:28: warning: pointer targets in passing argument 1 of 'SerialOutputString' differ in signedness [-Wpointer-sign]
  293 |         SerialOutputString(operand, &USART1_PORT);
      |                            ^~~~~~~
      |                            |
      |                            char *
../Src/serial.c:139:34: note: expected 'uint8_t *' {aka 'unsigned char *'} but argument is of type 'char *'
  139 | void SerialOutputString(uint8_t *pt, SerialPort *serial_port) {
      |                         ~~~~~~~~~^~
../Src/serial.c:294:28: warning: pointer targets in passing argument 1 of 'SerialOutputString' differ in signedness [-Wpointer-sign]
  294 |         SerialOutputString("\r\n", &USART1_PORT);
      |                            ^~~~~~
      |                            |
      |                            char *
../Src/serial.c:139:34: note: expected 'uint8_t *' {aka 'unsigned char *'} but argument is of type 'char *'
  139 | void SerialOutputString(uint8_t *pt, SerialPort *serial_port) {
      |                         ~~~~~~~~~^~
make: *** [Src/subdir.mk:28: Src/main.o] Error 1
make: *** Waiting for unfinished jobs....
"make -j7 all" terminated with exit code 2. Build might be incomplete.
11:28:11 **** Incremental Build of configuration Debug for project excersise_2 ****
make -j7 all 
arm-none-eabi-gcc "../Src/main.c" -mcpu=cortex-m4 -std=gnu11 -g3 -DDEBUG -DSTM32F303VCTx -DSTM32 -DSTM32F3 -DSTM32F3DISCOVERY -c -I../Inc -I"/Users/haileythill-turke/Documents/GitHub/MTRX2700-2025/stm32f303-definitions/Core/Inc" -O0 -ffunction-sections -fdata-sections -Wall -fstack-usage -fcyclomatic-complexity -MMD -MP -MF"Src/main.d" -MT"Src/main.o" --specs=nano.specs -mfpu=fpv4-sp-d16 -mfloat-abi=hard -mthumb -o "Src/main.o"
../Src/main.c:28:2: warning: #warning "FPU is not initialized, but the project is compiling for an FPU. Please initialize the FPU before use." [-Wcpp]
   28 | #warning "FPU is not initialized, but the project is compiling for an FPU. Please initialize the FPU before use."
      |  ^~~~~~~
../Src/main.c: In function 'main':
../Src/main.c:109:28: error: 'send' undeclared (first use in this function)
  109 |         SerialOutputString(send, &USART1_PORT);                                 //transmit string
      |                            ^~~~
../Src/main.c:109:28: note: each undeclared identifier is reported only once for each function it appears in
../Src/main.c:108:17: warning: unused variable 'terminating' [-Wunused-variable]
  108 |         uint8_t terminating = '#';
      |                 ^~~~~~~~~~~
make: *** [Src/subdir.mk:28: Src/main.o] Error 1
"make -j7 all" terminated with exit code 2. Build might be incomplete.
11:28:32 **** Incremental Build of configuration Debug for project excersise_2 ****
make -j7 all 
arm-none-eabi-gcc "../Src/main.c" -mcpu=cortex-m4 -std=gnu11 -g3 -DDEBUG -DSTM32F303VCTx -DSTM32 -DSTM32F3 -DSTM32F3DISCOVERY -c -I../Inc -I"/Users/haileythill-turke/Documents/GitHub/MTRX2700-2025/stm32f303-definitions/Core/Inc" -O0 -ffunction-sections -fdata-sections -Wall -fstack-usage -fcyclomatic-complexity -MMD -MP -MF"Src/main.d" -MT"Src/main.o" --specs=nano.specs -mfpu=fpv4-sp-d16 -mfloat-abi=hard -mthumb -o "Src/main.o"
../Src/main.c:28:2: warning: #warning "FPU is not initialized, but the project is compiling for an FPU. Please initialize the FPU before use." [-Wcpp]
   28 | #warning "FPU is not initialized, but the project is compiling for an FPU. Please initialize the FPU before use."
      |  ^~~~~~~
arm-none-eabi-gcc -o "excersise_2.elf" @"objects.list"   -mcpu=cortex-m4 -T"/Users/haileythill-turke/Documents/GitHub/MTRX2700-Lab-2-Group-1/excersise_2/STM32F303VCTX_FLASH.ld" --specs=nosys.specs -Wl,-Map="excersise_2.map" -Wl,--gc-sections -static --specs=nano.specs -mfpu=fpv4-sp-d16 -mfloat-abi=hard -mthumb -Wl,--start-group -lc -lm -Wl,--end-group
Finished building target: excersise_2.elf
 
arm-none-eabi-size  excersise_2.elf 
arm-none-eabi-objdump -h -S excersise_2.elf  > "excersise_2.list"
   text	   data	    bss	    dec	    hex	filename
   1692	     40	   1672	   3404	    d4c	excersise_2.elf
Finished building: default.size.stdout
 
Finished building: excersise_2.list
 
11:29:12 **** Incremental Build of configuration Debug for project excersise_2 ****
make -j7 all 
arm-none-eabi-size  excersise_2.elf 
   text	   data	    bss	    dec	    hex	filename
   1692	     40	   1672	   3404	    d4c	excersise_2.elf
Finished building: default.size.stdout
 
11:30:45 **** Build of configuration Debug for project Integration ****
make -j7 all 
arm-none-eabi-gcc -o "Integration.elf" @"objects.list"   -mcpu=cortex-m4 -T"/Users/haileythill-turke/Documents/GitHub/MTRX2700-Lab-2-Group-1/Integration/STM32F303VCTX_FLASH.ld" --specs=nosys.specs -Wl,-Map="Integration.map" -Wl,--gc-sections -static --specs=nano.specs -mfpu=fpv4-sp-d16 -mfloat-abi=hard -mthumb -Wl,--start-group -lc -lm -Wl,--end-group
Finished building target: Integration.elf
 
arm-none-eabi-size  Integration.elf 
arm-none-eabi-objdump -h -S Integration.elf  > "Integration.list"
   text	   data	    bss	    dec	    hex	filename
   1692	     40	   1672	   3404	    d4c	Integration.elf
Finished building: default.size.stdout
 
Finished building: Integration.list
 
