21:08:15 **** Incremental Build of configuration Debug for project week6-modular-design ****
make -j7 all 
arm-none-eabi-gcc "../Src/main.c" -mcpu=cortex-m4 -std=gnu11 -g3 -DDEBUG -DSTM32F303VCTx -DSTM32 -DSTM32F3 -DSTM32F3DISCOVERY -c -I../Inc -I"/Users/haileythill-turke/Documents/GitHub/MTRX2700-2025/stm32f303-definitions/Core/Inc" -O0 -ffunction-sections -fdata-sections -Wall -fstack-usage -fcyclomatic-complexity -MMD -MP -MF"Src/main.d" -MT"Src/main.o" --specs=nano.specs -mfpu=fpv4-sp-d16 -mfloat-abi=soft -mthumb -o "Src/main.o"
arm-none-eabi-gcc -o "week6-modular-design.elf" @"objects.list"   -mcpu=cortex-m4 -T"/Users/haileythill-turke/Documents/GitHub/MTRX2700-2025/W06-UART-modular-design/STM32F303VCTX_FLASH.ld" --specs=nosys.specs -Wl,-Map="week6-modular-design.map" -Wl,--gc-sections -static --specs=nano.specs -mfpu=fpv4-sp-d16 -mfloat-abi=soft -mthumb -u _printf_float -Wl,--start-group -lc -lm -Wl,--end-group
../Src/main.c: In function 'finished_transmission':
../Src/main.c:36:27: warning: unused variable 'test' [-Wunused-variable]
   36 |         volatile uint32_t test = 0;
      |                           ^~~~
/Applications/STM32CubeIDE.app/Contents/Eclipse/plugins/com.st.stm32cube.ide.mcu.externaltools.gnu-tools-for-stm32.13.3.rel1.macos64_1.0.0.202411102158/tools/bin/../lib/gcc/arm-none-eabi/13.3.1/../../../../arm-none-eabi/bin/ld: warning: week6-modular-design.elf has a LOAD segment with RWX permissions
Finished building target: week6-modular-design.elf
 
arm-none-eabi-size  week6-modular-design.elf 
arm-none-eabi-objdump -h -S week6-modular-design.elf  > "week6-modular-design.list"
   text	   data	    bss	    dec	    hex	filename
  15324	    504	   1904	  17732	   4544	week6-modular-design.elf
Finished building: default.size.stdout
 
Finished building: week6-modular-design.list
 

21:08:17 Build Finished. 0 errors, 2 warnings. (took 1s.377ms)

